Microchip Technology Inc, vv1.22 (A)

Tool Name:
  c:\program files (x86)\microchip\xc16\v1.22\bin\bin\..\bin/elf-ld.exe

Command:
  -p30F4012 \
  -o \
  dist/default/production/PIC_02.X.production.elf \
  -Lc:/program files (x86)/microchip/xc16/v1.22/bin/bin/.. \
  -Lc:/program files (x86)/microchip/xc16/v1.22/bin/bin/../../lib \
  -Lc:/program files (x86)/microchip/xc16/v1.22/bin/bin/../../lib/PIC24E \
  -Lc:/program files (x86)/microchip/xc16/v1.22/bin/bin/../../support/PIC24E/gld \
  -Lc:/program files (x86)/microchip/xc16/v1.22/bin/bin/../../lib/PIC24F \
  -Lc:/program files (x86)/microchip/xc16/v1.22/bin/bin/../../support/PIC24F/gld \
  -Lc:/program files (x86)/microchip/xc16/v1.22/bin/bin/../../lib/PIC24H \
  -Lc:/program files (x86)/microchip/xc16/v1.22/bin/bin/../../support/PIC24H/gld \
  -Lc:/program files (x86)/microchip/xc16/v1.22/bin/bin/../../lib/dsPIC30F \
  -Lc:/program files (x86)/microchip/xc16/v1.22/bin/bin/../../support/dsPIC30F/gld \
  -Lc:/program files (x86)/microchip/xc16/v1.22/bin/bin/../../lib/dsPIC33E \
  -Lc:/program files (x86)/microchip/xc16/v1.22/bin/bin/../../support/dsPIC33E/gld \
  -Lc:/program files (x86)/microchip/xc16/v1.22/bin/bin/../../lib/dsPIC33F \
  -Lc:/program files (x86)/microchip/xc16/v1.22/bin/bin/../../support/dsPIC33F/gld \
  build/default/production/_ext/1472/qei.o \
  build/default/production/main.o \
  build/default/production/io.o \
  build/default/production/timer1.o \
  build/default/production/uart.o \
  build/default/production/_ext/1472/timer1_setup.o \
  build/default/production/_ext/1472/pwm_setup.o \
  build/default/production/_ext/1472/velocity_control.o \
  build/default/production/_ext/1472/uart1_setup.o \
  build/default/production/_ext/1472/uart_functions.o \
  --defsym=__MPLAB_BUILD=1 \
  -Tp30F4012.gld.00 \
  --stack=16 \
  --check-sections \
  --data-init \
  --pack-data \
  --handles \
  --isr \
  --no-gc-sections \
  --fill-upper=0 \
  --stackguard=16 \
  --no-force-link \
  --smart-io \
  -Map=dist/default/production/PIC_02.X.production.map \
  --report-mem \
  -start-group \
  --library=fx-elf \
  --library=pic30-elf \
  --library=m-elf \
  --library=c-elf \
  -end-group \

Archive member included because of file (symbol)

c:/program files (x86)/microchip/xc16/v1.22/bin/bin/../../lib\libpic30-elf.a(crt0_standard.o)
                              (__resetPRI)
c:/program files (x86)/microchip/xc16/v1.22/bin/bin/../../lib\libpic30-elf.a(data_init_standard.o)
                              c:/program files (x86)/microchip/xc16/v1.22/bin/bin/../../lib\libpic30-elf.a(crt0_standard.o) (__data_init_standard)
c:/program files (x86)/microchip/xc16/v1.22/bin/bin/../../lib\libm-elf.a(addsf3.eo)
                              build/default/production/_ext/1472/velocity_control.o (___addsf3)
c:/program files (x86)/microchip/xc16/v1.22/bin/bin/../../lib\libm-elf.a(feqltle.eo)
                              build/default/production/_ext/1472/velocity_control.o (___ltsf2)
c:/program files (x86)/microchip/xc16/v1.22/bin/bin/../../lib\libm-elf.a(fgtge.eo)
                              build/default/production/_ext/1472/velocity_control.o (___gtsf2)
c:/program files (x86)/microchip/xc16/v1.22/bin/bin/../../lib\libm-elf.a(fixsfsi.eo)
                              build/default/production/_ext/1472/velocity_control.o (_(float, int, long long, short, float, short, int))
c:/program files (x86)/microchip/xc16/v1.22/bin/bin/../../lib\libm-elf.a(floatsisf.eo)
                              build/default/production/_ext/1472/velocity_control.o (___floatsisf)
c:/program files (x86)/microchip/xc16/v1.22/bin/bin/../../lib\libm-elf.a(fpack.eo)
                              c:/program files (x86)/microchip/xc16/v1.22/bin/bin/../../lib\libm-elf.a(addsf3.eo) (__fpack)
c:/program files (x86)/microchip/xc16/v1.22/bin/bin/../../lib\libm-elf.a(funpack.eo)
                              c:/program files (x86)/microchip/xc16/v1.22/bin/bin/../../lib\libm-elf.a(fixsfsi.eo) (__funpack)
c:/program files (x86)/microchip/xc16/v1.22/bin/bin/../../lib\libm-elf.a(funpack2.eo)
                              c:/program files (x86)/microchip/xc16/v1.22/bin/bin/../../lib\libm-elf.a(addsf3.eo) (__funpack2)
c:/program files (x86)/microchip/xc16/v1.22/bin/bin/../../lib\libm-elf.a(futil.eo)
                              c:/program files (x86)/microchip/xc16/v1.22/bin/bin/../../lib\libm-elf.a(addsf3.eo) (__fPropagateNaN)
c:/program files (x86)/microchip/xc16/v1.22/bin/bin/../../lib\libm-elf.a(mulsf3.eo)
                              build/default/production/_ext/1472/velocity_control.o (___mulsf3)
c:/program files (x86)/microchip/xc16/v1.22/bin/bin/../../lib\libm-elf.a(udivsi3.eo)
                              build/default/production/_ext/1472/uart1_setup.o (___udivsi3)
c:/program files (x86)/microchip/xc16/v1.22/bin/bin/../../lib\libm-elf.a(fcompare.eo)
                              c:/program files (x86)/microchip/xc16/v1.22/bin/bin/../../lib\libm-elf.a(feqltle.eo) (__fcompare)
[...]
Memory Configuration

Name             Origin             Length             Attributes
data             0x000800           0x000800           a !xr
reset            0x000000           0x000004  
ivt              0x000004           0x00007c  
_reserved        0x000080           0x000004  
aivt             0x000084           0x00007c  
program          0x000100           0x007f00           xr
eedata           0x7ffc00           0x000400  
FUID0            0x8005c0           0x000002  
FUID1            0x8005c2           0x000002  
FUID2            0x8005c4           0x000002  
FUID3            0x8005c6           0x000002  
FOSC             0xf80000           0x000002  
FWDT             0xf80002           0x000002  
FBORPOR          0xf80004           0x000002  
RESERVED1        0xf80006           0x000002  
RESERVED2        0xf80008           0x000002  
FGS              0xf8000a           0x000002  
FICD             0xf8000c           0x000002  
*default*        0x000000           0xffffffff  

Linker script and memory map

LOAD build/default/production/_ext/1472/qei.o
LOAD build/default/production/main.o
LOAD build/default/production/io.o
LOAD build/default/production/timer1.o
LOAD build/default/production/uart.o
LOAD build/default/production/_ext/1472/timer1_setup.o
LOAD build/default/production/_ext/1472/pwm_setup.o
LOAD build/default/production/_ext/1472/velocity_control.o
LOAD build/default/production/_ext/1472/uart1_setup.o
LOAD build/default/production/_ext/1472/uart_functions.o
                    0x0001                  __MPLAB_BUILD = 0x1
LOAD c:/program files (x86)/microchip/xc16/v1.22/bin/bin/../../lib/dsPIC30F\libp30F4012-elf.a
                    0x8005c0                  __FUID0 = 0x8005c0
                    0x8005c2                  __FUID1 = 0x8005c2
                    0x8005c4                  __FUID2 = 0x8005c4
                    0x8005c6                  __FUID3 = 0x8005c6
                    0xf80000                  __FOSC = 0xf80000
                    0xf80002                  __FWDT = 0xf80002
                    0xf80004                  __FBORPOR = 0xf80004
                    0xf80006                  __RESERVED1 = 0xf80006
                    0xf80008                  __RESERVED2 = 0xf80008
                    0xf8000a                  __FGS = 0xf8000a
                    0xf8000c                  __FICD = 0xf8000c
                    0x0001                  __NO_HANDLES = 0x1
                    0x0100                  __CODE_BASE = 0x100
                    0x7f00                  __CODE_LENGTH = 0x7f00
                    0x0004                  __IVT_BASE = 0x4
                    0x0084                  __AIVT_BASE = 0x84
                    0x0800                  __DATA_BASE = 0x800
                    0x0800                  __DATA_LENGTH = 0x800
                    0x0c00                  __YDATA_BASE = 0xc00

.reset            0x000000          0x4
                  0x000000          0x2 SHORT 0x100 ABSOLUTE (__reset)
                  0x000001          0x2 SHORT 0x4
                  0x000002          0x2 SHORT 0x0 ((ABSOLUTE (__reset) >> 0x10) & 0x7f)
                  0x000003          0x2 SHORT 0x0

.text             0x000100       0x155e
 *(.init)
 .init            0x000100         0x3c c:/program files (x86)/microchip/xc16/v1.22/bin/bin/../../lib\libpic30-elf.a(crt0_standard.o)
                  0x000100                  __resetPRI
                  0x000100                  __reset
                  0x00012c                  __psv_init
 .init            0x00013c         0x5e c:/program files (x86)/microchip/xc16/v1.22/bin/bin/../../lib\libpic30-elf.a(data_init_standard.o)
                  0x00013c                  __data_init_standard
                  0x00013c                  __data_init
 *(.user_init)
 *(.handle)
 *(.isr*)
 .isr.text        0x00019a         0xd6 build/default/production/_ext/1472/uart1_setup.o
                  0x00019a                  __U1RXInterrupt
                  0x0001c0                  _uart1_setup
                  0x000206                  _uart1_changeBaudRate
                  0x00021e                  _uart1_sendParameter
                  0x000240                  _uart1_mySendString
                  0x000266                  _uart1_sendEnter
 .isr             0x000270          0x4 default_isr
                  0x000270                  __DefaultInterrupt
 *(.libc)
 .libc            0x000274         0x14 c:/program files (x86)/microchip/xc16/v1.22/bin/bin/../../lib\libc-elf.a(isalpha.eso)
                  0x000274                  _isalpha
 .libc            0x000288         0x10 c:/program files (x86)/microchip/xc16/v1.22/bin/bin/../../lib\libc-elf.a(isspace.eso)
                  0x000288                  _isspace
 .libc            0x000298          0xc c:/program files (x86)/microchip/xc16/v1.22/bin/bin/../../lib\libc-elf.a(isupper.eso)
                  0x000298                  _isupper
 .libc            0x0002a4          0xe c:/program files (x86)/microchip/xc16/v1.22/bin/bin/../../lib\libc-elf.a(tolower.eso)
                  0x0002a4                  _tolower
 .libc            0x0002b2         0x68 c:/program files (x86)/microchip/xc16/v1.22/bin/bin/../../lib\libpic30-elf.a(read.eo)
                  0x0002b2                  _read
 .libc            0x00031a         0x60 c:/program files (x86)/microchip/xc16/v1.22/bin/bin/../../lib\libpic30-elf.a(write.eo)
                  0x00031a                  _write
 *(.libm)
 *(.libdsp)
 *(.lib*)
 .libm.subsf3     0x00037a         0xbc c:/program files (x86)/microchip/xc16/v1.22/bin/bin/../../lib\libm-elf.a(addsf3.eo)
                  0x00037a                  ___subsf3
                  0x00037c                  ___addsf3
 .libm.eqsf2      0x000436          0x4 c:/program files (x86)/microchip/xc16/v1.22/bin/bin/../../lib\libm-elf.a(feqltle.eo)
                  0x000436                  ___eqsf2
                  0x000436                  ___ltsf2
                  0x000436                  ___lesf2
 .libm.gtsf2      0x00043a          0x4 c:/program files (x86)/microchip/xc16/v1.22/bin/bin/../../lib\libm-elf.a(fgtge.eo)
                  0x00043a                  ___gesf2
                  0x00043a                  ___gtsf2
 .libm.fixsfsi    0x00043e         0x42 c:/program files (x86)/microchip/xc16/v1.22/bin/bin/../../lib\libm-elf.a(fixsfsi.eo)
                  0x00043e                  _(float, int, long long, short, float, short, int)
 .libm.floatsisf
                  0x000480          0x6 c:/program files (x86)/microchip/xc16/v1.22/bin/bin/../../lib\libm-elf.a(floatsisf.eo)
                  0x000480                  ___floatsisf
 .libm.fpack      0x000486         0x4c c:/program files (x86)/microchip/xc16/v1.22/bin/bin/../../lib\libm-elf.a(fpack.eo)
                  0x000486                  __fpack
 .libm.funpack    0x0004d2         0x2a c:/program files (x86)/microchip/xc16/v1.22/bin/bin/../../lib\libm-elf.a(funpack.eo)
                  0x0004d2                  __funpack
 .libm.funpack2
                  0x0004fc         0x10 c:/program files (x86)/microchip/xc16/v1.22/bin/bin/../../lib\libm-elf.a(funpack2.eo)
                  0x0004fc                  __funpack2
 .libm.fPropagateNaN
                  0x00050c         0x12 c:/program files (x86)/microchip/xc16/v1.22/bin/bin/../../lib\libm-elf.a(futil.eo)
                  0x00050c                  __fPropagateNaN
 .libm.fbobExit
                  0x00051e          0x8 c:/program files (x86)/microchip/xc16/v1.22/bin/bin/../../lib\libm-elf.a(futil.eo)
                  0x00051e                  __fbopExit
 .libm.fbopReturnNaN
                  0x000526          0x6 c:/program files (x86)/microchip/xc16/v1.22/bin/bin/../../lib\libm-elf.a(futil.eo)
                  0x000526                  __fbopReturnNaN
 .libm.mulsf3     0x00052c         0x68 c:/program files (x86)/microchip/xc16/v1.22/bin/bin/../../lib\libm-elf.a(mulsf3.eo)
                  0x00052c                  ___mulsf3
 .libm.udivsi3    0x000594         0x20 c:/program files (x86)/microchip/xc16/v1.22/bin/bin/../../lib\libm-elf.a(udivsi3.eo)
                  0x000594                  ___udivsi3
 .libm.fcompare
                  0x0005b4         0x36 c:/program files (x86)/microchip/xc16/v1.22/bin/bin/../../lib\libm-elf.a(fcompare.eo)
                  0x0005b4                  __fcompare
 .libm.floatdisf
                  0x0005ea         0x20 c:/program files (x86)/microchip/xc16/v1.22/bin/bin/../../lib\libm-elf.a(floatdisf.eo)
                  0x0005ea                  ___floatdisf
 .libm.floatundisf
                  0x00060a         0x5e c:/program files (x86)/microchip/xc16/v1.22/bin/bin/../../lib\libm-elf.a(floatundisf.eo)
                  0x00060a                  ___floatundisf
 .libc._sprintf_cdnopuxX
                  0x000668         0x2c c:/program files (x86)/microchip/xc16/v1.22/bin/bin/../../lib\libc-elf.a(sprintf_cdnopuxX.XXeo)
                  0x000668                  __sprintf_cdnopuxX
 .libc._sscanf_cdnopuxX
                  0x000694         0x1c c:/program files (x86)/microchip/xc16/v1.22/bin/bin/../../lib\libc-elf.a(sscanf_cdnopuxX.XXeo)
                  0x000694                  __sscanf_cdnopuxX
 .libc.wspace     0x0006b0         0x1e c:/program files (x86)/microchip/xc16/v1.22/bin/bin/../../lib\libc-elf.a(doscan_cdnopuxX.XXeo)
 .libc.range      0x0006ce         0x46 c:/program files (x86)/microchip/xc16/v1.22/bin/bin/../../lib\libc-elf.a(doscan_cdnopuxX.XXeo)
 .libc._vfscanf_cdnopuxX
                  0x000714        0x298 c:/program files (x86)/microchip/xc16/v1.22/bin/bin/../../lib\libc-elf.a(doscan_cdnopuxX.XXeo)
                  0x000714                  __vfscanf_cdnopuxX
 .libc._vfprintf_cdnopuxX
                  0x0009ac        0x6f4 c:/program files (x86)/microchip/xc16/v1.22/bin/bin/../../lib\libc-elf.a(doprnt_cdnopuxX.XXeo)
                  0x0009ac                  __vfprintf_cdnopuxX
 .libc.atoi       0x0010a0         0x3e c:/program files (x86)/microchip/xc16/v1.22/bin/bin/../../lib\libc-elf.a(atoi.eo)
                  0x0010a0                  _atoi
 .libc.fgetc      0x0010de         0x66 c:/program files (x86)/microchip/xc16/v1.22/bin/bin/../../lib\libc-elf.a(fgetc.eo)
                  0x0010de                  _fgetc
 .libc._filbuf    0x001144         0x9c c:/program files (x86)/microchip/xc16/v1.22/bin/bin/../../lib\libc-elf.a(filbuf.eo)
                  0x001144                  __filbuf
 .libc.fputc      0x0011e0         0x88 c:/program files (x86)/microchip/xc16/v1.22/bin/bin/../../lib\libc-elf.a(fputc.eo)
                  0x0011e0                  _fputc
 .libc.strlen     0x001268          0xe c:/program files (x86)/microchip/xc16/v1.22/bin/bin/../../lib\libc-elf.a(strlen.eo)
                  0x001268                  _strlen
 .libc.ungetc     0x001276         0x3e c:/program files (x86)/microchip/xc16/v1.22/bin/bin/../../lib\libc-elf.a(ungetc.eo)
                  0x001276                  _ungetc
 .libc.fflush     0x0012b4         0x54 c:/program files (x86)/microchip/xc16/v1.22/bin/bin/../../lib\libc-elf.a(fflush.eo)
                  0x0012b4                  _fflush
 .libc._flsbuf    0x001308         0x84 c:/program files (x86)/microchip/xc16/v1.22/bin/bin/../../lib\libc-elf.a(flsbuf.eo)
                  0x001308                  __flsbuf
 .libc.doread     0x00138c          0x4 c:/program files (x86)/microchip/xc16/v1.22/bin/bin/../../lib\libpic30-elf.a(read.eo)
 .libc.dowrite    0x001390          0x4 c:/program files (x86)/microchip/xc16/v1.22/bin/bin/../../lib\libpic30-elf.a(write.eo)
 .libm.mulsi3     0x001394          0xc c:/program files (x86)/microchip/xc16/v1.22/bin/bin/../../lib\libm-elf.a(mulsi3.eo)
                  0x001394                  ___mulp32peds3
                  0x001394                  ___mulsi3
                  0x001394                  ___mulp32eds3
 .libm.__PplusBdi
                  0x0013a0         0x28 c:/program files (x86)/microchip/xc16/v1.22/bin/bin/../../lib\libm-elf.a(divmoddi3.eo)
 .libm.__PminusBdi
                  0x0013c8         0x4a c:/program files (x86)/microchip/xc16/v1.22/bin/bin/../../lib\libm-elf.a(divmoddi3.eo)
 .libm.__udivmoddi3
                  0x001412         0xe4 c:/program files (x86)/microchip/xc16/v1.22/bin/bin/../../lib\libm-elf.a(divmoddi3.eo)
                  0x001412                  ___udivmoddi3
 .libm.__udivdi3
                  0x0014f6          0xe c:/program files (x86)/microchip/xc16/v1.22/bin/bin/../../lib\libm-elf.a(divmoddi3.eo)
                  0x0014f6                  ___udivdi3
 .libm.__umoddi3
                  0x001504          0x8 c:/program files (x86)/microchip/xc16/v1.22/bin/bin/../../lib\libm-elf.a(divmoddi3.eo)
                  0x001504                  ___umoddi3
 .libm.__divdi3
                  0x00150c         0x60 c:/program files (x86)/microchip/xc16/v1.22/bin/bin/../../lib\libm-elf.a(divmoddi3.eo)
                  0x00150c                  ___divdi3
 .libm.__moddi3
                  0x00156c         0x5c c:/program files (x86)/microchip/xc16/v1.22/bin/bin/../../lib\libm-elf.a(divmoddi3.eo)
                  0x00156c                  ___moddi3
 .libm.__muldi3
                  0x0015c8         0x52 c:/program files (x86)/microchip/xc16/v1.22/bin/bin/../../lib\libm-elf.a(muldi3.eo)
                  0x0015c8                  ___muldi3
 .libm.umuldi3    0x00161a         0x44 c:/program files (x86)/microchip/xc16/v1.22/bin/bin/../../lib\libm-elf.a(umuldi3.eo)
                  0x00161a                  ___umuldi3

usercode
 *(usercode)

__FUID0
 *(__FUID0.sec*)

__FUID1
 *(__FUID1.sec*)

__FUID2
 *(__FUID2.sec*)

__FUID3
 *(__FUID3.sec*)

__FOSC            0xf80000          0x2
 *(__FOSC.sec*)
 __FOSC.sec       0xf80000          0x2 build/default/production/main.o

__FWDT            0xf80002          0x2
 *(__FWDT.sec*)
 __FWDT.sec       0xf80002          0x2 build/default/production/main.o

__FBORPOR         0xf80004          0x2
 *(__FBORPOR.sec*)
 __FBORPOR.sec    0xf80004          0x2 build/default/production/main.o

__RESERVED1
 *(__RESERVED1.sec*)

__RESERVED2
 *(__RESERVED2.sec*)

__FGS
 *(__FGS.sec*)

__FICD
 *(__FICD.sec*)

user_eedata
 *(user_eedata)

userdata
 *(userdata)

.comment
 *(.comment)

.debug_info       0x000000       0x2f47
 *(.debug_info)
 .debug_info      0x000000        0x7fd build/default/production/_ext/1472/qei.o
 .debug_info      0x0007fd        0x2c1 build/default/production/main.o
 .debug_info      0x000abe        0x5e9 build/default/production/io.o
 .debug_info      0x0010a7        0x299 build/default/production/timer1.o
 .debug_info      0x001340        0x152 build/default/production/uart.o
 .debug_info      0x001492        0x725 build/default/production/_ext/1472/timer1_setup.o
 .debug_info      0x001bb7        0x3f5 build/default/production/_ext/1472/pwm_setup.o
 .debug_info      0x001fac        0x2ce build/default/production/_ext/1472/velocity_control.o
 .debug_info      0x00227a        0xa79 build/default/production/_ext/1472/uart1_setup.o
 .debug_info      0x002cf3        0x254 build/default/production/_ext/1472/uart_functions.o
 *(.gnu.linkonce.wi.*)

.debug_abbrev     0x000000        0x75d
 *(.debug_abbrev)
 .debug_abbrev    0x000000         0xb8 build/default/production/_ext/1472/qei.o
 .debug_abbrev    0x0000b8         0xc7 build/default/production/main.o
 .debug_abbrev    0x00017f         0xfc build/default/production/io.o
 .debug_abbrev    0x00027b         0xc3 build/default/production/timer1.o
 .debug_abbrev    0x00033e         0x69 build/default/production/uart.o
 .debug_abbrev    0x0003a7         0xcb build/default/production/_ext/1472/timer1_setup.o
 .debug_abbrev    0x000472         0xb6 build/default/production/_ext/1472/pwm_setup.o
 .debug_abbrev    0x000528         0x7c build/default/production/_ext/1472/velocity_control.o
 .debug_abbrev    0x0005a4        0x108 build/default/production/_ext/1472/uart1_setup.o
 .debug_abbrev    0x0006ac         0xb1 build/default/production/_ext/1472/uart_functions.o

.debug_line       0x000000        0xdba
 *(.debug_line)
 .debug_line      0x000000        0x137 build/default/production/_ext/1472/qei.o
 .debug_line      0x000137        0x14d build/default/production/main.o
 .debug_line      0x000284        0x23f build/default/production/io.o
 .debug_line      0x0004c3        0x127 build/default/production/timer1.o
 .debug_line      0x0005ea        0x10a build/default/production/uart.o
 .debug_line      0x0006f4        0x130 build/default/production/_ext/1472/timer1_setup.o
 .debug_line      0x000824        0x113 build/default/production/_ext/1472/pwm_setup.o
 .debug_line      0x000937        0x147 build/default/production/_ext/1472/velocity_control.o
 .debug_line      0x000a7e        0x1ef build/default/production/_ext/1472/uart1_setup.o
 .debug_line      0x000c6d        0x14d build/default/production/_ext/1472/uart_functions.o

.debug_frame      0x000000        0x348
 *(.debug_frame)
 .debug_frame     0x000000         0x34 build/default/production/_ext/1472/qei.o
 .debug_frame     0x000034         0x34 build/default/production/main.o
 .debug_frame     0x000068         0x94 build/default/production/io.o
 .debug_frame     0x0000fc         0x34 build/default/production/timer1.o
 .debug_frame     0x000130         0x34 build/default/production/uart.o
 .debug_frame     0x000164         0x34 build/default/production/_ext/1472/timer1_setup.o
 .debug_frame     0x000198         0x24 build/default/production/_ext/1472/pwm_setup.o
 .debug_frame     0x0001bc         0x64 build/default/production/_ext/1472/velocity_control.o
 .debug_frame     0x000220         0xa0 build/default/production/_ext/1472/uart1_setup.o
 .debug_frame     0x0002c0         0x88 build/default/production/_ext/1472/uart_functions.o

.debug_str        0x000000        0x122
 *(.debug_str)
 .debug_str       0x000000         0x3e build/default/production/_ext/1472/qei.o
 .debug_str       0x00003e         0x12 build/default/production/main.o
 .debug_str       0x000050         0x58 build/default/production/io.o
 .debug_str       0x0000a8          0x9 build/default/production/timer1.o
 .debug_str       0x0000b1         0x25 build/default/production/_ext/1472/timer1_setup.o
 .debug_str       0x0000d6         0x16 build/default/production/_ext/1472/pwm_setup.o
 .debug_str       0x0000ec          0x6 build/default/production/_ext/1472/velocity_control.o
 .debug_str       0x0000f2         0x30 build/default/production/_ext/1472/uart1_setup.o

.debug_loc
 *(.debug_loc)

.debug_macinfo
 *(.debug_macinfo)

.debug_pubnames
                  0x000000        0x367
 *(.debug_pubnames)
 .debug_pubnames
                  0x000000         0x32 build/default/production/_ext/1472/qei.o
 .debug_pubnames
                  0x000032         0x48 build/default/production/main.o
 .debug_pubnames
                  0x00007a         0xbc build/default/production/io.o
 .debug_pubnames
                  0x000136         0x37 build/default/production/timer1.o
 .debug_pubnames
                  0x00016d         0x3c build/default/production/uart.o
 .debug_pubnames
                  0x0001a9         0x34 build/default/production/_ext/1472/timer1_setup.o
 .debug_pubnames
                  0x0001dd         0x20 build/default/production/_ext/1472/pwm_setup.o
 .debug_pubnames
                  0x0001fd         0x5a build/default/production/_ext/1472/velocity_control.o
 .debug_pubnames
                  0x000257         0x91 build/default/production/_ext/1472/uart1_setup.o
 .debug_pubnames
                  0x0002e8         0x7f build/default/production/_ext/1472/uart_functions.o

.debug_ranges
 *(.debug_ranges)

.debug_aranges    0x000000         0xf0
 *(.debug_aranges)
 .debug_aranges
                  0x000000         0x18 build/default/production/_ext/1472/qei.o
 .debug_aranges
                  0x000018         0x18 build/default/production/main.o
 .debug_aranges
                  0x000030         0x18 build/default/production/io.o
 .debug_aranges
                  0x000048         0x18 build/default/production/timer1.o
 .debug_aranges
                  0x000060         0x18 build/default/production/uart.o
 .debug_aranges
                  0x000078         0x18 build/default/production/_ext/1472/timer1_setup.o
 .debug_aranges
                  0x000090         0x18 build/default/production/_ext/1472/pwm_setup.o
 .debug_aranges
                  0x0000a8         0x18 build/default/production/_ext/1472/velocity_control.o
 .debug_aranges
                  0x0000c0         0x18 build/default/production/_ext/1472/uart1_setup.o
 .debug_aranges
                  0x0000d8         0x18 build/default/production/_ext/1472/uart_functions.o

.ivt              0x000004         0x7c
                  0x000004          0x4 LONG 0x270 DEFINED (__ReservedTrap0)?ABSOLUTE (__ReservedTrap0):ABSOLUTE (__DefaultInterrupt)
                  0x000006          0x4 LONG 0x270 DEFINED (__OscillatorFail)?ABSOLUTE (__OscillatorFail):ABSOLUTE (__DefaultInterrupt)
                  0x000008          0x4 LONG 0x270 DEFINED (__AddressError)?ABSOLUTE (__AddressError):ABSOLUTE (__DefaultInterrupt)
                  0x00000a          0x4 LONG 0x270 DEFINED (__StackError)?ABSOLUTE (__StackError):ABSOLUTE (__DefaultInterrupt)
                  0x00000c          0x4 LONG 0x270 DEFINED (__MathError)?ABSOLUTE (__MathError):ABSOLUTE (__DefaultInterrupt)
                  0x00000e          0x4 LONG 0x270 DEFINED (__ReservedTrap5)?ABSOLUTE (__ReservedTrap5):ABSOLUTE (__DefaultInterrupt)
                  0x000010          0x4 LONG 0x270 DEFINED (__ReservedTrap6)?ABSOLUTE (__ReservedTrap6):ABSOLUTE (__DefaultInterrupt)
                  0x000012          0x4 LONG 0x270 DEFINED (__ReservedTrap7)?ABSOLUTE (__ReservedTrap7):ABSOLUTE (__DefaultInterrupt)
                  0x000014          0x4 LONG 0x270 DEFINED (__INT0Interrupt)?ABSOLUTE (__INT0Interrupt):ABSOLUTE (__DefaultInterrupt)
                  0x000016          0x4 LONG 0x270 DEFINED (__IC1Interrupt)?ABSOLUTE (__IC1Interrupt):ABSOLUTE (__DefaultInterrupt)
                  0x000018          0x4 LONG 0x270 DEFINED (__OC1Interrupt)?ABSOLUTE (__OC1Interrupt):ABSOLUTE (__DefaultInterrupt)
                  0x00001a          0x4 LONG 0x1be6 DEFINED (__T1Interrupt)?ABSOLUTE (__T1Interrupt):ABSOLUTE (__DefaultInterrupt)
                  0x00001c          0x4 LONG 0x270 DEFINED (__IC2Interrupt)?ABSOLUTE (__IC2Interrupt):ABSOLUTE (__DefaultInterrupt)
                  0x00001e          0x4 LONG 0x270 DEFINED (__OC2Interrupt)?ABSOLUTE (__OC2Interrupt):ABSOLUTE (__DefaultInterrupt)
                  0x000020          0x4 LONG 0x270 DEFINED (__T2Interrupt)?ABSOLUTE (__T2Interrupt):ABSOLUTE (__DefaultInterrupt)
                  0x000022          0x4 LONG 0x270 DEFINED (__T3Interrupt)?ABSOLUTE (__T3Interrupt):ABSOLUTE (__DefaultInterrupt)
                  0x000024          0x4 LONG 0x270 DEFINED (__SPI1Interrupt)?ABSOLUTE (__SPI1Interrupt):ABSOLUTE (__DefaultInterrupt)
                  0x000026          0x4 LONG 0x19a DEFINED (__U1RXInterrupt)?ABSOLUTE (__U1RXInterrupt):ABSOLUTE (__DefaultInterrupt)
                  0x000028          0x4 LONG 0x270 DEFINED (__U1TXInterrupt)?ABSOLUTE (__U1TXInterrupt):ABSOLUTE (__DefaultInterrupt)
                  0x00002a          0x4 LONG 0x270 DEFINED (__ADCInterrupt)?ABSOLUTE (__ADCInterrupt):ABSOLUTE (__DefaultInterrupt)
                  0x00002c          0x4 LONG 0x270 DEFINED (__NVMInterrupt)?ABSOLUTE (__NVMInterrupt):ABSOLUTE (__DefaultInterrupt)
                  0x00002e          0x4 LONG 0x270 DEFINED (__SI2CInterrupt)?ABSOLUTE (__SI2CInterrupt):ABSOLUTE (__DefaultInterrupt)
                  0x000030          0x4 LONG 0x270 DEFINED (__MI2CInterrupt)?ABSOLUTE (__MI2CInterrupt):ABSOLUTE (__DefaultInterrupt)
                  0x000032          0x4 LONG 0x270 DEFINED (__CNInterrupt)?ABSOLUTE (__CNInterrupt):ABSOLUTE (__DefaultInterrupt)
                  0x000034          0x4 LONG 0x270 DEFINED (__INT1Interrupt)?ABSOLUTE (__INT1Interrupt):ABSOLUTE (__DefaultInterrupt)
                  0x000036          0x4 LONG 0x270 DEFINED (__IC7Interrupt)?ABSOLUTE (__IC7Interrupt):ABSOLUTE (__DefaultInterrupt)
                  0x000038          0x4 LONG 0x270 DEFINED (__IC8Interrupt)?ABSOLUTE (__IC8Interrupt):ABSOLUTE (__DefaultInterrupt)
                  0x00003a          0x4 LONG 0x270 DEFINED (__OC3Interrupt)?ABSOLUTE (__OC3Interrupt):ABSOLUTE (__DefaultInterrupt)
                  0x00003c          0x4 LONG 0x270 DEFINED (__OC4Interrupt)?ABSOLUTE (__OC4Interrupt):ABSOLUTE (__DefaultInterrupt)
                  0x00003e          0x4 LONG 0x270 DEFINED (__T4Interrupt)?ABSOLUTE (__T4Interrupt):ABSOLUTE (__DefaultInterrupt)
                  0x000040          0x4 LONG 0x270 DEFINED (__T5Interrupt)?ABSOLUTE (__T5Interrupt):ABSOLUTE (__DefaultInterrupt)
                  0x000042          0x4 LONG 0x270 DEFINED (__INT2Interrupt)?ABSOLUTE (__INT2Interrupt):ABSOLUTE (__DefaultInterrupt)
                  0x000044          0x4 LONG 0x270 DEFINED (__U2RXInterrupt)?ABSOLUTE (__U2RXInterrupt):ABSOLUTE (__DefaultInterrupt)
                  0x000046          0x4 LONG 0x270 DEFINED (__U2TXInterrupt)?ABSOLUTE (__U2TXInterrupt):ABSOLUTE (__DefaultInterrupt)
                  0x000048          0x4 LONG 0x270 DEFINED (__SPI2Interrupt)?ABSOLUTE (__SPI2Interrupt):ABSOLUTE (__DefaultInterrupt)
                  0x00004a          0x4 LONG 0x270 DEFINED (__C1Interrupt)?ABSOLUTE (__C1Interrupt):ABSOLUTE (__DefaultInterrupt)
                  0x00004c          0x4 LONG 0x270 DEFINED (__IC3Interrupt)?ABSOLUTE (__IC3Interrupt):ABSOLUTE (__DefaultInterrupt)
                  0x00004e          0x4 LONG 0x270 DEFINED (__IC4Interrupt)?ABSOLUTE (__IC4Interrupt):ABSOLUTE (__DefaultInterrupt)
                  0x000050          0x4 LONG 0x270 DEFINED (__IC5Interrupt)?ABSOLUTE (__IC5Interrupt):ABSOLUTE (__DefaultInterrupt)
                  0x000052          0x4 LONG 0x270 DEFINED (__IC6Interrupt)?ABSOLUTE (__IC6Interrupt):ABSOLUTE (__DefaultInterrupt)
                  0x000054          0x4 LONG 0x270 DEFINED (__OC5Interrupt)?ABSOLUTE (__OC5Interrupt):ABSOLUTE (__DefaultInterrupt)
                  0x000056          0x4 LONG 0x270 DEFINED (__OC6Interrupt)?ABSOLUTE (__OC6Interrupt):ABSOLUTE (__DefaultInterrupt)
                  0x000058          0x4 LONG 0x270 DEFINED (__OC7Interrupt)?ABSOLUTE (__OC7Interrupt):ABSOLUTE (__DefaultInterrupt)
                  0x00005a          0x4 LONG 0x270 DEFINED (__OC8Interrupt)?ABSOLUTE (__OC8Interrupt):ABSOLUTE (__DefaultInterrupt)
                  0x00005c          0x4 LONG 0x270 DEFINED (__INT3Interrupt)?ABSOLUTE (__INT3Interrupt):ABSOLUTE (__DefaultInterrupt)
                  0x00005e          0x4 LONG 0x270 DEFINED (__INT4Interrupt)?ABSOLUTE (__INT4Interrupt):ABSOLUTE (__DefaultInterrupt)
                  0x000060          0x4 LONG 0x270 DEFINED (__C2Interrupt)?ABSOLUTE (__C2Interrupt):ABSOLUTE (__DefaultInterrupt)
                  0x000062          0x4 LONG 0x270 DEFINED (__PWMInterrupt)?ABSOLUTE (__PWMInterrupt):ABSOLUTE (__DefaultInterrupt)
                  0x000064          0x4 LONG 0x1c42 DEFINED (__QEIInterrupt)?ABSOLUTE (__QEIInterrupt):ABSOLUTE (__DefaultInterrupt)
                  0x000066          0x4 LONG 0x270 DEFINED (__DCIInterrupt)?ABSOLUTE (__DCIInterrupt):ABSOLUTE (__DefaultInterrupt)
                  0x000068          0x4 LONG 0x270 DEFINED (__LVDInterrupt)?ABSOLUTE (__LVDInterrupt):ABSOLUTE (__DefaultInterrupt)
                  0x00006a          0x4 LONG 0x270 DEFINED (__FLTAInterrupt)?ABSOLUTE (__FLTAInterrupt):ABSOLUTE (__DefaultInterrupt)
                  0x00006c          0x4 LONG 0x270 DEFINED (__FLTBInterrupt)?ABSOLUTE (__FLTBInterrupt):ABSOLUTE (__DefaultInterrupt)
                  0x00006e          0x4 LONG 0x270 DEFINED (__Interrupt45)?ABSOLUTE (__Interrupt45):ABSOLUTE (__DefaultInterrupt)
                  0x000070          0x4 LONG 0x270 DEFINED (__Interrupt46)?ABSOLUTE (__Interrupt46):ABSOLUTE (__DefaultInterrupt)
                  0x000072          0x4 LONG 0x270 DEFINED (__Interrupt47)?ABSOLUTE (__Interrupt47):ABSOLUTE (__DefaultInterrupt)
                  0x000074          0x4 LONG 0x270 DEFINED (__Interrupt48)?ABSOLUTE (__Interrupt48):ABSOLUTE (__DefaultInterrupt)
                  0x000076          0x4 LONG 0x270 DEFINED (__Interrupt49)?ABSOLUTE (__Interrupt49):ABSOLUTE (__DefaultInterrupt)
                  0x000078          0x4 LONG 0x270 DEFINED (__Interrupt50)?ABSOLUTE (__Interrupt50):ABSOLUTE (__DefaultInterrupt)
                  0x00007a          0x4 LONG 0x270 DEFINED (__Interrupt51)?ABSOLUTE (__Interrupt51):ABSOLUTE (__DefaultInterrupt)
                  0x00007c          0x4 LONG 0x270 DEFINED (__Interrupt52)?ABSOLUTE (__Interrupt52):ABSOLUTE (__DefaultInterrupt)
                  0x00007e          0x4 LONG 0x270 DEFINED (__Interrupt53)?ABSOLUTE (__Interrupt53):ABSOLUTE (__DefaultInterrupt)

.aivt             0x000084         0x7c
                  0x000084          0x4 LONG 0x270 DEFINED (__AltReservedTrap0)?ABSOLUTE (__AltReservedTrap0):DEFINED (__ReservedTrap0)?ABSOLUTE (__ReservedTrap0):ABSOLUTE (__DefaultInterrupt)
                  0x000086          0x4 LONG 0x270 DEFINED (__AltOscillatorFail)?ABSOLUTE (__AltOscillatorFail):DEFINED (__OscillatorFail)?ABSOLUTE (__OscillatorFail):ABSOLUTE (__DefaultInterrupt)
                  0x000088          0x4 LONG 0x270 DEFINED (__AltAddressError)?ABSOLUTE (__AltAddressError):DEFINED (__AddressError)?ABSOLUTE (__AddressError):ABSOLUTE (__DefaultInterrupt)
                  0x00008a          0x4 LONG 0x270 DEFINED (__AltStackError)?ABSOLUTE (__AltStackError):DEFINED (__StackError)?ABSOLUTE (__StackError):ABSOLUTE (__DefaultInterrupt)
                  0x00008c          0x4 LONG 0x270 DEFINED (__AltMathError)?ABSOLUTE (__AltMathError):DEFINED (__MathError)?ABSOLUTE (__MathError):ABSOLUTE (__DefaultInterrupt)
                  0x00008e          0x4 LONG 0x270 DEFINED (__AltReservedTrap5)?ABSOLUTE (__AltReservedTrap5):DEFINED (__ReservedTrap5)?ABSOLUTE (__ReservedTrap5):ABSOLUTE (__DefaultInterrupt)
                  0x000090          0x4 LONG 0x270 DEFINED (__AltReservedTrap6)?ABSOLUTE (__AltReservedTrap6):DEFINED (__ReservedTrap6)?ABSOLUTE (__ReservedTrap6):ABSOLUTE (__DefaultInterrupt)
                  0x000092          0x4 LONG 0x270 DEFINED (__AltReservedTrap7)?ABSOLUTE (__AltReservedTrap7):DEFINED (__ReservedTrap7)?ABSOLUTE (__ReservedTrap7):ABSOLUTE (__DefaultInterrupt)
                  0x000094          0x4 LONG 0x270 DEFINED (__AltINT0Interrupt)?ABSOLUTE (__AltINT0Interrupt):DEFINED (__INT0Interrupt)?ABSOLUTE (__INT0Interrupt):ABSOLUTE (__DefaultInterrupt)
                  0x000096          0x4 LONG 0x270 DEFINED (__AltIC1Interrupt)?ABSOLUTE (__AltIC1Interrupt):DEFINED (__IC1Interrupt)?ABSOLUTE (__IC1Interrupt):ABSOLUTE (__DefaultInterrupt)
                  0x000098          0x4 LONG 0x270 DEFINED (__AltOC1Interrupt)?ABSOLUTE (__AltOC1Interrupt):DEFINED (__OC1Interrupt)?ABSOLUTE (__OC1Interrupt):ABSOLUTE (__DefaultInterrupt)
                  0x00009a          0x4 LONG 0x1be6 DEFINED (__AltT1Interrupt)?ABSOLUTE (__AltT1Interrupt):DEFINED (__T1Interrupt)?ABSOLUTE (__T1Interrupt):ABSOLUTE (__DefaultInterrupt)
                  0x00009c          0x4 LONG 0x270 DEFINED (__AltIC2Interrupt)?ABSOLUTE (__AltIC2Interrupt):DEFINED (__IC2Interrupt)?ABSOLUTE (__IC2Interrupt):ABSOLUTE (__DefaultInterrupt)
                  0x00009e          0x4 LONG 0x270 DEFINED (__AltOC2Interrupt)?ABSOLUTE (__AltOC2Interrupt):DEFINED (__OC2Interrupt)?ABSOLUTE (__OC2Interrupt):ABSOLUTE (__DefaultInterrupt)
                  0x0000a0          0x4 LONG 0x270 DEFINED (__AltT2Interrupt)?ABSOLUTE (__AltT2Interrupt):DEFINED (__T2Interrupt)?ABSOLUTE (__T2Interrupt):ABSOLUTE (__DefaultInterrupt)
                  0x0000a2          0x4 LONG 0x270 DEFINED (__AltT3Interrupt)?ABSOLUTE (__AltT3Interrupt):DEFINED (__T3Interrupt)?ABSOLUTE (__T3Interrupt):ABSOLUTE (__DefaultInterrupt)
                  0x0000a4          0x4 LONG 0x270 DEFINED (__AltSPI1Interrupt)?ABSOLUTE (__AltSPI1Interrupt):DEFINED (__SPI1Interrupt)?ABSOLUTE (__SPI1Interrupt):ABSOLUTE (__DefaultInterrupt)
                  0x0000a6          0x4 LONG 0x19a DEFINED (__AltU1RXInterrupt)?ABSOLUTE (__AltU1RXInterrupt):DEFINED (__U1RXInterrupt)?ABSOLUTE (__U1RXInterrupt):ABSOLUTE (__DefaultInterrupt)
                  0x0000a8          0x4 LONG 0x270 DEFINED (__AltU1TXInterrupt)?ABSOLUTE (__AltU1TXInterrupt):DEFINED (__U1TXInterrupt)?ABSOLUTE (__U1TXInterrupt):ABSOLUTE (__DefaultInterrupt)
                  0x0000aa          0x4 LONG 0x270 DEFINED (__AltADCInterrupt)?ABSOLUTE (__AltADCInterrupt):DEFINED (__ADCInterrupt)?ABSOLUTE (__ADCInterrupt):ABSOLUTE (__DefaultInterrupt)
                  0x0000ac          0x4 LONG 0x270 DEFINED (__AltNVMInterrupt)?ABSOLUTE (__AltNVMInterrupt):DEFINED (__NVMInterrupt)?ABSOLUTE (__NVMInterrupt):ABSOLUTE (__DefaultInterrupt)
                  0x0000ae          0x4 LONG 0x270 DEFINED (__AltSI2CInterrupt)?ABSOLUTE (__AltSI2CInterrupt):DEFINED (__SI2CInterrupt)?ABSOLUTE (__SI2CInterrupt):ABSOLUTE (__DefaultInterrupt)
                  0x0000b0          0x4 LONG 0x270 DEFINED (__AltMI2CInterrupt)?ABSOLUTE (__AltMI2CInterrupt):DEFINED (__MI2CInterrupt)?ABSOLUTE (__MI2CInterrupt):ABSOLUTE (__DefaultInterrupt)
                  0x0000b2          0x4 LONG 0x270 DEFINED (__AltCNInterrupt)?ABSOLUTE (__AltCNInterrupt):DEFINED (__CNInterrupt)?ABSOLUTE (__CNInterrupt):ABSOLUTE (__DefaultInterrupt)
                  0x0000b4          0x4 LONG 0x270 DEFINED (__AltINT1Interrupt)?ABSOLUTE (__AltINT1Interrupt):DEFINED (__INT1Interrupt)?ABSOLUTE (__INT1Interrupt):ABSOLUTE (__DefaultInterrupt)
                  0x0000b6          0x4 LONG 0x270 DEFINED (__AltIC7Interrupt)?ABSOLUTE (__AltIC7Interrupt):DEFINED (__IC7Interrupt)?ABSOLUTE (__IC7Interrupt):ABSOLUTE (__DefaultInterrupt)
                  0x0000b8          0x4 LONG 0x270 DEFINED (__AltIC8Interrupt)?ABSOLUTE (__AltIC8Interrupt):DEFINED (__IC8Interrupt)?ABSOLUTE (__IC8Interrupt):ABSOLUTE (__DefaultInterrupt)
                  0x0000ba          0x4 LONG 0x270 DEFINED (__AltOC3Interrupt)?ABSOLUTE (__AltOC3Interrupt):DEFINED (__OC3Interrupt)?ABSOLUTE (__OC3Interrupt):ABSOLUTE (__DefaultInterrupt)
                  0x0000bc          0x4 LONG 0x270 DEFINED (__AltOC4Interrupt)?ABSOLUTE (__AltOC4Interrupt):DEFINED (__OC4Interrupt)?ABSOLUTE (__OC4Interrupt):ABSOLUTE (__DefaultInterrupt)
                  0x0000be          0x4 LONG 0x270 DEFINED (__AltT4Interrupt)?ABSOLUTE (__AltT4Interrupt):DEFINED (__T4Interrupt)?ABSOLUTE (__T4Interrupt):ABSOLUTE (__DefaultInterrupt)
                  0x0000c0          0x4 LONG 0x270 DEFINED (__AltT5Interrupt)?ABSOLUTE (__AltT5Interrupt):DEFINED (__T5Interrupt)?ABSOLUTE (__T5Interrupt):ABSOLUTE (__DefaultInterrupt)
                  0x0000c2          0x4 LONG 0x270 DEFINED (__AltINT2Interrupt)?ABSOLUTE (__AltINT2Interrupt):DEFINED (__INT2Interrupt)?ABSOLUTE (__INT2Interrupt):ABSOLUTE (__DefaultInterrupt)
                  0x0000c4          0x4 LONG 0x270 DEFINED (__AltU2RXInterrupt)?ABSOLUTE (__AltU2RXInterrupt):DEFINED (__U2RXInterrupt)?ABSOLUTE (__U2RXInterrupt):ABSOLUTE (__DefaultInterrupt)
                  0x0000c6          0x4 LONG 0x270 DEFINED (__AltU2TXInterrupt)?ABSOLUTE (__AltU2TXInterrupt):DEFINED (__U2TXInterrupt)?ABSOLUTE (__U2TXInterrupt):ABSOLUTE (__DefaultInterrupt)
                  0x0000c8          0x4 LONG 0x270 DEFINED (__AltSPI2Interrupt)?ABSOLUTE (__AltSPI2Interrupt):DEFINED (__SPI2Interrupt)?ABSOLUTE (__SPI2Interrupt):ABSOLUTE (__DefaultInterrupt)
                  0x0000ca          0x4 LONG 0x270 DEFINED (__AltC1Interrupt)?ABSOLUTE (__AltC1Interrupt):DEFINED (__C1Interrupt)?ABSOLUTE (__C1Interrupt):ABSOLUTE (__DefaultInterrupt)
                  0x0000cc          0x4 LONG 0x270 DEFINED (__AltIC3Interrupt)?ABSOLUTE (__AltIC3Interrupt):DEFINED (__IC3Interrupt)?ABSOLUTE (__IC3Interrupt):ABSOLUTE (__DefaultInterrupt)
                  0x0000ce          0x4 LONG 0x270 DEFINED (__AltIC4Interrupt)?ABSOLUTE (__AltIC4Interrupt):DEFINED (__IC4Interrupt)?ABSOLUTE (__IC4Interrupt):ABSOLUTE (__DefaultInterrupt)
                  0x0000d0          0x4 LONG 0x270 DEFINED (__AltIC5Interrupt)?ABSOLUTE (__AltIC5Interrupt):DEFINED (__IC5Interrupt)?ABSOLUTE (__IC5Interrupt):ABSOLUTE (__DefaultInterrupt)
                  0x0000d2          0x4 LONG 0x270 DEFINED (__AltIC6Interrupt)?ABSOLUTE (__AltIC6Interrupt):DEFINED (__IC6Interrupt)?ABSOLUTE (__IC6Interrupt):ABSOLUTE (__DefaultInterrupt)
                  0x0000d4          0x4 LONG 0x270 DEFINED (__AltOC5Interrupt)?ABSOLUTE (__AltOC5Interrupt):DEFINED (__OC5Interrupt)?ABSOLUTE (__OC5Interrupt):ABSOLUTE (__DefaultInterrupt)
                  0x0000d6          0x4 LONG 0x270 DEFINED (__AltOC6Interrupt)?ABSOLUTE (__AltOC6Interrupt):DEFINED (__OC6Interrupt)?ABSOLUTE (__OC6Interrupt):ABSOLUTE (__DefaultInterrupt)
                  0x0000d8          0x4 LONG 0x270 DEFINED (__AltOC7Interrupt)?ABSOLUTE (__AltOC7Interrupt):DEFINED (__OC7Interrupt)?ABSOLUTE (__OC7Interrupt):ABSOLUTE (__DefaultInterrupt)
                  0x0000da          0x4 LONG 0x270 DEFINED (__AltOC8Interrupt)?ABSOLUTE (__AltOC8Interrupt):DEFINED (__OC8Interrupt)?ABSOLUTE (__OC8Interrupt):ABSOLUTE (__DefaultInterrupt)
                  0x0000dc          0x4 LONG 0x270 DEFINED (__AltINT3Interrupt)?ABSOLUTE (__AltINT3Interrupt):DEFINED (__INT3Interrupt)?ABSOLUTE (__INT3Interrupt):ABSOLUTE (__DefaultInterrupt)
                  0x0000de          0x4 LONG 0x270 DEFINED (__AltINT4Interrupt)?ABSOLUTE (__AltINT4Interrupt):DEFINED (__INT4Interrupt)?ABSOLUTE (__INT4Interrupt):ABSOLUTE (__DefaultInterrupt)
                  0x0000e0          0x4 LONG 0x270 DEFINED (__AltC2Interrupt)?ABSOLUTE (__AltC2Interrupt):DEFINED (__C2Interrupt)?ABSOLUTE (__C2Interrupt):ABSOLUTE (__DefaultInterrupt)
                  0x0000e2          0x4 LONG 0x270 DEFINED (__AltPWMInterrupt)?ABSOLUTE (__AltPWMInterrupt):DEFINED (__PWMInterrupt)?ABSOLUTE (__PWMInterrupt):ABSOLUTE (__DefaultInterrupt)
                  0x0000e4          0x4 LONG 0x1c42 DEFINED (__AltQEIInterrupt)?ABSOLUTE (__AltQEIInterrupt):DEFINED (__QEIInterrupt)?ABSOLUTE (__QEIInterrupt):ABSOLUTE (__DefaultInterrupt)
                  0x0000e6          0x4 LONG 0x270 DEFINED (__AltDCIInterrupt)?ABSOLUTE (__AltDCIInterrupt):DEFINED (__DCIInterrupt)?ABSOLUTE (__DCIInterrupt):ABSOLUTE (__DefaultInterrupt)
                  0x0000e8          0x4 LONG 0x270 DEFINED (__AltLVDInterrupt)?ABSOLUTE (__AltLVDInterrupt):DEFINED (__LVDInterrupt)?ABSOLUTE (__LVDInterrupt):ABSOLUTE (__DefaultInterrupt)
                  0x0000ea          0x4 LONG 0x270 DEFINED (__AltFLTAInterrupt)?ABSOLUTE (__AltFLTAInterrupt):DEFINED (__FLTAInterrupt)?ABSOLUTE (__FLTAInterrupt):ABSOLUTE (__DefaultInterrupt)
                  0x0000ec          0x4 LONG 0x270 DEFINED (__AltFLTBInterrupt)?ABSOLUTE (__AltFLTBInterrupt):DEFINED (__FLTBInterrupt)?ABSOLUTE (__FLTBInterrupt):ABSOLUTE (__DefaultInterrupt)
                  0x0000ee          0x4 LONG 0x270 DEFINED (__AltInterrupt45)?ABSOLUTE (__AltInterrupt45):DEFINED (__Interrupt45)?ABSOLUTE (__Interrupt45):ABSOLUTE (__DefaultInterrupt)
                  0x0000f0          0x4 LONG 0x270 DEFINED (__AltInterrupt46)?ABSOLUTE (__AltInterrupt46):DEFINED (__Interrupt46)?ABSOLUTE (__Interrupt46):ABSOLUTE (__DefaultInterrupt)
                  0x0000f2          0x4 LONG 0x270 DEFINED (__AltInterrupt47)?ABSOLUTE (__AltInterrupt47):DEFINED (__Interrupt47)?ABSOLUTE (__Interrupt47):ABSOLUTE (__DefaultInterrupt)
                  0x0000f4          0x4 LONG 0x270 DEFINED (__AltInterrupt48)?ABSOLUTE (__AltInterrupt48):DEFINED (__Interrupt48)?ABSOLUTE (__Interrupt48):ABSOLUTE (__DefaultInterrupt)
                  0x0000f6          0x4 LONG 0x270 DEFINED (__AltInterrupt49)?ABSOLUTE (__AltInterrupt49):DEFINED (__Interrupt49)?ABSOLUTE (__Interrupt49):ABSOLUTE (__DefaultInterrupt)
                  0x0000f8          0x4 LONG 0x270 DEFINED (__AltInterrupt50)?ABSOLUTE (__AltInterrupt50):DEFINED (__Interrupt50)?ABSOLUTE (__Interrupt50):ABSOLUTE (__DefaultInterrupt)
                  0x0000fa          0x4 LONG 0x270 DEFINED (__AltInterrupt51)?ABSOLUTE (__AltInterrupt51):DEFINED (__Interrupt51)?ABSOLUTE (__Interrupt51):ABSOLUTE (__DefaultInterrupt)
                  0x0000fc          0x4 LONG 0x270 DEFINED (__AltInterrupt52)?ABSOLUTE (__AltInterrupt52):DEFINED (__Interrupt52)?ABSOLUTE (__Interrupt52):ABSOLUTE (__DefaultInterrupt)
                  0x0000fe          0x4 LONG 0x270 DEFINED (__AltInterrupt53)?ABSOLUTE (__AltInterrupt53):DEFINED (__Interrupt53)?ABSOLUTE (__Interrupt53):ABSOLUTE (__DefaultInterrupt)
                    0x0000                  WREG0 = 0x0
                    0x0000                  _WREG0 = 0x0
                    0x0002                  WREG1 = 0x2
                    0x0002                  _WREG1 = 0x2
                    0x0004                  WREG2 = 0x4
                    0x0004                  _WREG2 = 0x4
                    0x0006                  WREG3 = 0x6
                    0x0006                  _WREG3 = 0x6
                    0x0008                  WREG4 = 0x8
                    0x0008                  _WREG4 = 0x8
                    0x000a                  WREG5 = 0xa
                    0x000a                  _WREG5 = 0xa
                    0x000c                  WREG6 = 0xc
                    0x000c                  _WREG6 = 0xc
                    0x000e                  WREG7 = 0xe
                    0x000e                  _WREG7 = 0xe
                    0x0010                  WREG8 = 0x10
                    0x0010                  _WREG8 = 0x10
                    0x0012                  WREG9 = 0x12
                    0x0012                  _WREG9 = 0x12
                    0x0014                  WREG10 = 0x14
                    0x0014                  _WREG10 = 0x14
                    0x0016                  WREG11 = 0x16
                    0x0016                  _WREG11 = 0x16
                    0x0018                  WREG12 = 0x18
                    0x0018                  _WREG12 = 0x18
                    0x001a                  WREG13 = 0x1a
                    0x001a                  _WREG13 = 0x1a
                    0x001c                  WREG14 = 0x1c
                    0x001c                  _WREG14 = 0x1c
                    0x001e                  WREG15 = 0x1e
                    0x001e                  _WREG15 = 0x1e
                    0x0020                  SPLIM = 0x20
                    0x0020                  _SPLIM = 0x20
                    0x0022                  ACCAL = 0x22
                    0x0022                  _ACCAL = 0x22
                    0x0024                  ACCAH = 0x24
                    0x0024                  _ACCAH = 0x24
                    0x0026                  ACCAU = 0x26
                    0x0026                  _ACCAU = 0x26
                    0x0028                  ACCBL = 0x28
                    0x0028                  _ACCBL = 0x28
                    0x002a                  ACCBH = 0x2a
                    0x002a                  _ACCBH = 0x2a
                    0x002c                  ACCBU = 0x2c
                    0x002c                  _ACCBU = 0x2c
                    0x002e                  PCL = 0x2e
                    0x002e                  _PCL = 0x2e
                    0x0030                  PCH = 0x30
                    0x0030                  _PCH = 0x30
                    0x0032                  TBLPAG = 0x32
                    0x0032                  _TBLPAG = 0x32
                    0x0034                  PSVPAG = 0x34
                    0x0034                  _PSVPAG = 0x34
                    0x0036                  RCOUNT = 0x36
                    0x0036                  _RCOUNT = 0x36
                    0x0038                  DCOUNT = 0x38
                    0x0038                  _DCOUNT = 0x38
                    0x003a                  DOSTARTL = 0x3a
                    0x003a                  _DOSTARTL = 0x3a
                    0x003c                  DOSTARTH = 0x3c
                    0x003c                  _DOSTARTH = 0x3c
                    0x003e                  DOENDL = 0x3e
                    0x003e                  _DOENDL = 0x3e
                    0x0040                  DOENDH = 0x40
                    0x0040                  _DOENDH = 0x40
                    0x0042                  SR = 0x42
                    0x0042                  _SR = 0x42
                    0x0042                  _SRbits = 0x42
                    0x0044                  CORCON = 0x44
                    0x0044                  _CORCON = 0x44
                    0x0044                  _CORCONbits = 0x44
                    0x0046                  MODCON = 0x46
                    0x0046                  _MODCON = 0x46
                    0x0046                  _MODCONbits = 0x46
                    0x0048                  XMODSRT = 0x48
                    0x0048                  _XMODSRT = 0x48
                    0x004a                  XMODEND = 0x4a
                    0x004a                  _XMODEND = 0x4a
                    0x004c                  YMODSRT = 0x4c
                    0x004c                  _YMODSRT = 0x4c
                    0x004e                  YMODEND = 0x4e
                    0x004e                  _YMODEND = 0x4e
                    0x0050                  XBREV = 0x50
                    0x0050                  _XBREV = 0x50
                    0x0050                  _XBREVbits = 0x50
                    0x0052                  DISICNT = 0x52
                    0x0052                  _DISICNT = 0x52
                    0x0052                  _DISICNTbits = 0x52
                    0x0080                  INTCON1 = 0x80
                    0x0080                  _INTCON1 = 0x80
                    0x0080                  _INTCON1bits = 0x80
                    0x0082                  INTCON2 = 0x82
                    0x0082                  _INTCON2 = 0x82
                    0x0082                  _INTCON2bits = 0x82
                    0x0084                  IFS0 = 0x84
                    0x0084                  _IFS0 = 0x84
                    0x0084                  _IFS0bits = 0x84
                    0x0086                  IFS1 = 0x86
                    0x0086                  _IFS1 = 0x86
                    0x0086                  _IFS1bits = 0x86
                    0x0088                  IFS2 = 0x88
                    0x0088                  _IFS2 = 0x88
                    0x0088                  _IFS2bits = 0x88
                    0x008c                  IEC0 = 0x8c
                    0x008c                  _IEC0 = 0x8c
                    0x008c                  _IEC0bits = 0x8c
                    0x008e                  IEC1 = 0x8e
                    0x008e                  _IEC1 = 0x8e
                    0x008e                  _IEC1bits = 0x8e
                    0x0090                  IEC2 = 0x90
                    0x0090                  _IEC2 = 0x90
                    0x0090                  _IEC2bits = 0x90
                    0x0094                  IPC0 = 0x94
                    0x0094                  _IPC0 = 0x94
                    0x0094                  _IPC0bits = 0x94
                    0x0096                  IPC1 = 0x96
                    0x0096                  _IPC1 = 0x96
                    0x0096                  _IPC1bits = 0x96
                    0x0098                  IPC2 = 0x98
                    0x0098                  _IPC2 = 0x98
                    0x0098                  _IPC2bits = 0x98
                    0x009a                  IPC3 = 0x9a
                    0x009a                  _IPC3 = 0x9a
                    0x009a                  _IPC3bits = 0x9a
                    0x009c                  IPC4 = 0x9c
                    0x009c                  _IPC4 = 0x9c
                    0x009c                  _IPC4bits = 0x9c
                    0x009e                  IPC5 = 0x9e
                    0x009e                  _IPC5 = 0x9e
                    0x009e                  _IPC5bits = 0x9e
                    0x00a0                  IPC6 = 0xa0
                    0x00a0                  _IPC6 = 0xa0
                    0x00a0                  _IPC6bits = 0xa0
                    0x00a6                  IPC9 = 0xa6
                    0x00a6                  _IPC9 = 0xa6
                    0x00a6                  _IPC9bits = 0xa6
                    0x00a8                  IPC10 = 0xa8
                    0x00a8                  _IPC10 = 0xa8
                    0x00a8                  _IPC10bits = 0xa8
                    0x00b0                  INTTREG = 0xb0
                    0x00b0                  _INTTREG = 0xb0
                    0x00b0                  _INTTREGbits = 0xb0
                    0x00c0                  CNEN1 = 0xc0
                    0x00c0                  _CNEN1 = 0xc0
                    0x00c0                  _CNEN1bits = 0xc0
                    0x00c4                  CNPU1 = 0xc4
                    0x00c4                  _CNPU1 = 0xc4
                    0x00c4                  _CNPU1bits = 0xc4
                    0x0100                  TMR1 = 0x100
                    0x0100                  _TMR1 = 0x100
                    0x0102                  PR1 = 0x102
                    0x0102                  _PR1 = 0x102
                    0x0104                  T1CON = 0x104
                    0x0104                  _T1CON = 0x104
                    0x0104                  _T1CONbits = 0x104
                    0x0106                  TMR2 = 0x106
                    0x0106                  _TMR2 = 0x106
                    0x0108                  TMR3HLD = 0x108
                    0x0108                  _TMR3HLD = 0x108
                    0x010a                  TMR3 = 0x10a
                    0x010a                  _TMR3 = 0x10a
                    0x010c                  PR2 = 0x10c
                    0x010c                  _PR2 = 0x10c
                    0x010e                  PR3 = 0x10e
                    0x010e                  _PR3 = 0x10e
                    0x0110                  T2CON = 0x110
                    0x0110                  _T2CON = 0x110
                    0x0110                  _T2CONbits = 0x110
                    0x0112                  T3CON = 0x112
                    0x0112                  _T3CON = 0x112
                    0x0112                  _T3CONbits = 0x112
                    0x0114                  TMR4 = 0x114
                    0x0114                  _TMR4 = 0x114
                    0x0116                  TMR5HLD = 0x116
                    0x0116                  _TMR5HLD = 0x116
                    0x0118                  TMR5 = 0x118
                    0x0118                  _TMR5 = 0x118
                    0x011a                  PR4 = 0x11a
                    0x011a                  _PR4 = 0x11a
                    0x011c                  PR5 = 0x11c
                    0x011c                  _PR5 = 0x11c
                    0x011e                  T4CON = 0x11e
                    0x011e                  _T4CON = 0x11e
                    0x011e                  _T4CONbits = 0x11e
                    0x0120                  T5CON = 0x120
                    0x0120                  _T5CON = 0x120
                    0x0120                  _T5CONbits = 0x120
                    0x0122                  QEICON = 0x122
                    0x0122                  _QEICON = 0x122
                    0x0122                  _QEICONbits = 0x122
                    0x0124                  DFLTCON = 0x124
                    0x0124                  _DFLTCON = 0x124
                    0x0124                  _DFLTCONbits = 0x124
                    0x0126                  POSCNT = 0x126
                    0x0126                  _POSCNT = 0x126
                    0x0128                  MAXCNT = 0x128
                    0x0128                  _MAXCNT = 0x128
                    0x0140                  IC1BUF = 0x140
                    0x0140                  _IC1BUF = 0x140
                    0x0142                  IC1CON = 0x142
                    0x0142                  _IC1CON = 0x142
                    0x0142                  _IC1CONbits = 0x142
                    0x0144                  IC2BUF = 0x144
                    0x0144                  _IC2BUF = 0x144
                    0x0146                  IC2CON = 0x146
                    0x0146                  _IC2CON = 0x146
                    0x0146                  _IC2CONbits = 0x146
                    0x0158                  IC7BUF = 0x158
                    0x0158                  _IC7BUF = 0x158
                    0x015a                  IC7CON = 0x15a
                    0x015a                  _IC7CON = 0x15a
                    0x015a                  _IC7CONbits = 0x15a
                    0x015c                  IC8BUF = 0x15c
                    0x015c                  _IC8BUF = 0x15c
                    0x015e                  IC8CON = 0x15e
                    0x015e                  _IC8CON = 0x15e
                    0x015e                  _IC8CONbits = 0x15e
                    0x0180                  OC1RS = 0x180
                    0x0180                  _OC1RS = 0x180
                    0x0182                  OC1R = 0x182
                    0x0182                  _OC1R = 0x182
                    0x0184                  OC1CON = 0x184
                    0x0184                  _OC1CON = 0x184
                    0x0184                  _OC1CONbits = 0x184
                    0x0186                  OC2RS = 0x186
                    0x0186                  _OC2RS = 0x186
                    0x0188                  OC2R = 0x188
                    0x0188                  _OC2R = 0x188
                    0x018a                  OC2CON = 0x18a
                    0x018a                  _OC2CON = 0x18a
                    0x018a                  _OC2CONbits = 0x18a
                    0x01c0                  PTCON = 0x1c0
                    0x01c0                  _PTCON = 0x1c0
                    0x01c0                  _PTCONbits = 0x1c0
                    0x01c2                  PTMR = 0x1c2
                    0x01c2                  _PTMR = 0x1c2
                    0x01c2                  _PTMRbits = 0x1c2
                    0x01c4                  PTPER = 0x1c4
                    0x01c4                  _PTPER = 0x1c4
                    0x01c4                  _PTPERbits = 0x1c4
                    0x01c6                  SEVTCMP = 0x1c6
                    0x01c6                  _SEVTCMP = 0x1c6
                    0x01c6                  _SEVTCMPbits = 0x1c6
                    0x01c8                  PWMCON1 = 0x1c8
                    0x01c8                  _PWMCON1 = 0x1c8
                    0x01c8                  _PWMCON1bits = 0x1c8
                    0x01ca                  PWMCON2 = 0x1ca
                    0x01ca                  _PWMCON2 = 0x1ca
                    0x01ca                  _PWMCON2bits = 0x1ca
                    0x01cc                  DTCON1 = 0x1cc
                    0x01cc                  _DTCON1 = 0x1cc
                    0x01cc                  _DTCON1bits = 0x1cc
                    0x01d0                  FLTACON = 0x1d0
                    0x01d0                  _FLTACON = 0x1d0
                    0x01d0                  _FLTACONbits = 0x1d0
                    0x01d4                  OVDCON = 0x1d4
                    0x01d4                  _OVDCON = 0x1d4
                    0x01d4                  _OVDCONbits = 0x1d4
                    0x01d6                  PDC1 = 0x1d6
                    0x01d6                  _PDC1 = 0x1d6
                    0x01d8                  PDC2 = 0x1d8
                    0x01d8                  _PDC2 = 0x1d8
                    0x01da                  PDC3 = 0x1da
                    0x01da                  _PDC3 = 0x1da
                    0x0200                  I2CRCV = 0x200
                    0x0200                  _I2CRCV = 0x200
                    0x0200                  _I2CRCVbits = 0x200
                    0x0202                  I2CTRN = 0x202
                    0x0202                  _I2CTRN = 0x202
                    0x0202                  _I2CTRNbits = 0x202
                    0x0204                  I2CBRG = 0x204
                    0x0204                  _I2CBRG = 0x204
                    0x0204                  _I2CBRGbits = 0x204
                    0x0206                  I2CCON = 0x206
                    0x0206                  _I2CCON = 0x206
                    0x0206                  _I2CCONbits = 0x206
                    0x0208                  I2CSTAT = 0x208
                    0x0208                  _I2CSTAT = 0x208
                    0x0208                  _I2CSTATbits = 0x208
                    0x020a                  I2CADD = 0x20a
                    0x020a                  _I2CADD = 0x20a
                    0x020a                  _I2CADDbits = 0x20a
                    0x020c                  U1MODE = 0x20c
                    0x020c                  _U1MODE = 0x20c
                    0x020c                  _U1MODEbits = 0x20c
                    0x020e                  U1STA = 0x20e
                    0x020e                  _U1STA = 0x20e
                    0x020e                  _U1STAbits = 0x20e
                    0x0210                  U1TXREG = 0x210
                    0x0210                  _U1TXREG = 0x210
                    0x0210                  _U1TXREGbits = 0x210
                    0x0212                  U1RXREG = 0x212
                    0x0212                  _U1RXREG = 0x212
                    0x0212                  _U1RXREGbits = 0x212
                    0x0214                  U1BRG = 0x214
                    0x0214                  _U1BRG = 0x214
                    0x0220                  SPI1STAT = 0x220
                    0x0220                  _SPI1STAT = 0x220
                    0x0220                  _SPI1STATbits = 0x220
                    0x0222                  SPI1CON = 0x222
                    0x0222                  _SPI1CON = 0x222
                    0x0222                  _SPI1CONbits = 0x222
                    0x0224                  SPI1BUF = 0x224
                    0x0224                  _SPI1BUF = 0x224
                    0x0280                  ADCBUF0 = 0x280
                    0x0280                  _ADCBUF0 = 0x280
                    0x0282                  ADCBUF1 = 0x282
                    0x0282                  _ADCBUF1 = 0x282
                    0x0284                  ADCBUF2 = 0x284
                    0x0284                  _ADCBUF2 = 0x284
                    0x0286                  ADCBUF3 = 0x286
                    0x0286                  _ADCBUF3 = 0x286
                    0x0288                  ADCBUF4 = 0x288
                    0x0288                  _ADCBUF4 = 0x288
                    0x028a                  ADCBUF5 = 0x28a
                    0x028a                  _ADCBUF5 = 0x28a
                    0x028c                  ADCBUF6 = 0x28c
                    0x028c                  _ADCBUF6 = 0x28c
                    0x028e                  ADCBUF7 = 0x28e
                    0x028e                  _ADCBUF7 = 0x28e
                    0x0290                  ADCBUF8 = 0x290
                    0x0290                  _ADCBUF8 = 0x290
                    0x0292                  ADCBUF9 = 0x292
                    0x0292                  _ADCBUF9 = 0x292
                    0x0294                  ADCBUFA = 0x294
                    0x0294                  _ADCBUFA = 0x294
                    0x0296                  ADCBUFB = 0x296
                    0x0296                  _ADCBUFB = 0x296
                    0x0298                  ADCBUFC = 0x298
                    0x0298                  _ADCBUFC = 0x298
                    0x029a                  ADCBUFD = 0x29a
                    0x029a                  _ADCBUFD = 0x29a
                    0x029c                  ADCBUFE = 0x29c
                    0x029c                  _ADCBUFE = 0x29c
                    0x029e                  ADCBUFF = 0x29e
                    0x029e                  _ADCBUFF = 0x29e
                    0x02a0                  ADCON1 = 0x2a0
                    0x02a0                  _ADCON1 = 0x2a0
                    0x02a0                  _ADCON1bits = 0x2a0
                    0x02a2                  ADCON2 = 0x2a2
                    0x02a2                  _ADCON2 = 0x2a2
                    0x02a2                  _ADCON2bits = 0x2a2
                    0x02a4                  ADCON3 = 0x2a4
                    0x02a4                  _ADCON3 = 0x2a4
                    0x02a4                  _ADCON3bits = 0x2a4
                    0x02a6                  ADCHS = 0x2a6
                    0x02a6                  _ADCHS = 0x2a6
                    0x02a6                  _ADCHSbits = 0x2a6
                    0x02a8                  ADPCFG = 0x2a8
                    0x02a8                  _ADPCFG = 0x2a8
                    0x02a8                  _ADPCFGbits = 0x2a8
                    0x02aa                  ADCSSL = 0x2aa
                    0x02aa                  _ADCSSL = 0x2aa
                    0x02aa                  _ADCSSLbits = 0x2aa
                    0x02c6                  TRISB = 0x2c6
                    0x02c6                  _TRISB = 0x2c6
                    0x02c6                  _TRISBbits = 0x2c6
                    0x02c8                  PORTB = 0x2c8
                    0x02c8                  _PORTB = 0x2c8
                    0x02c8                  _PORTBbits = 0x2c8
                    0x02ca                  LATB = 0x2ca
                    0x02ca                  _LATB = 0x2ca
                    0x02ca                  _LATBbits = 0x2ca
                    0x02cc                  TRISC = 0x2cc
                    0x02cc                  _TRISC = 0x2cc
                    0x02cc                  _TRISCbits = 0x2cc
                    0x02ce                  PORTC = 0x2ce
                    0x02ce                  _PORTC = 0x2ce
                    0x02ce                  _PORTCbits = 0x2ce
                    0x02d0                  LATC = 0x2d0
                    0x02d0                  _LATC = 0x2d0
                    0x02d0                  _LATCbits = 0x2d0
                    0x02d2                  TRISD = 0x2d2
                    0x02d2                  _TRISD = 0x2d2
                    0x02d2                  _TRISDbits = 0x2d2
                    0x02d4                  PORTD = 0x2d4
                    0x02d4                  _PORTD = 0x2d4
                    0x02d4                  _PORTDbits = 0x2d4
                    0x02d6                  LATD = 0x2d6
                    0x02d6                  _LATD = 0x2d6
                    0x02d6                  _LATDbits = 0x2d6
                    0x02d8                  TRISE = 0x2d8
                    0x02d8                  _TRISE = 0x2d8
                    0x02d8                  _TRISEbits = 0x2d8
                    0x02da                  PORTE = 0x2da
                    0x02da                  _PORTE = 0x2da
                    0x02da                  _PORTEbits = 0x2da
                    0x02dc                  LATE = 0x2dc
                    0x02dc                  _LATE = 0x2dc
                    0x02dc                  _LATEbits = 0x2dc
                    0x02de                  TRISF = 0x2de
                    0x02de                  _TRISF = 0x2de
                    0x02de                  _TRISFbits = 0x2de
                    0x02e0                  PORTF = 0x2e0
                    0x02e0                  _PORTF = 0x2e0
                    0x02e0                  _PORTFbits = 0x2e0
                    0x02e2                  LATF = 0x2e2
                    0x02e2                  _LATF = 0x2e2
                    0x02e2                  _LATFbits = 0x2e2
                    0x0300                  C1RXF0SID = 0x300
                    0x0300                  _C1RXF0SID = 0x300
                    0x0300                  _C1RXF0SIDbits = 0x300
                    0x0302                  C1RXF0EIDH = 0x302
                    0x0302                  _C1RXF0EIDH = 0x302
                    0x0302                  _C1RXF0EIDHbits = 0x302
                    0x0304                  C1RXF0EIDL = 0x304
                    0x0304                  _C1RXF0EIDL = 0x304
                    0x0304                  _C1RXF0EIDLbits = 0x304
                    0x0308                  C1RXF1SID = 0x308
                    0x0308                  _C1RXF1SID = 0x308
                    0x0308                  _C1RXF1SIDbits = 0x308
                    0x030a                  C1RXF1EIDH = 0x30a
                    0x030a                  _C1RXF1EIDH = 0x30a
                    0x030a                  _C1RXF1EIDHbits = 0x30a
                    0x030c                  C1RXF1EIDL = 0x30c
                    0x030c                  _C1RXF1EIDL = 0x30c
                    0x030c                  _C1RXF1EIDLbits = 0x30c
                    0x0310                  C1RXF2SID = 0x310
                    0x0310                  _C1RXF2SID = 0x310
                    0x0310                  _C1RXF2SIDbits = 0x310
                    0x0312                  C1RXF2EIDH = 0x312
                    0x0312                  _C1RXF2EIDH = 0x312
                    0x0312                  _C1RXF2EIDHbits = 0x312
                    0x0314                  C1RXF2EIDL = 0x314
                    0x0314                  _C1RXF2EIDL = 0x314
                    0x0314                  _C1RXF2EIDLbits = 0x314
                    0x0318                  C1RXF3SID = 0x318
                    0x0318                  _C1RXF3SID = 0x318
                    0x0318                  _C1RXF3SIDbits = 0x318
                    0x031a                  C1RXF3EIDH = 0x31a
                    0x031a                  _C1RXF3EIDH = 0x31a
                    0x031a                  _C1RXF3EIDHbits = 0x31a
                    0x031c                  C1RXF3EIDL = 0x31c
                    0x031c                  _C1RXF3EIDL = 0x31c
                    0x031c                  _C1RXF3EIDLbits = 0x31c
                    0x0320                  C1RXF4SID = 0x320
                    0x0320                  _C1RXF4SID = 0x320
                    0x0320                  _C1RXF4SIDbits = 0x320
                    0x0322                  C1RXF4EIDH = 0x322
                    0x0322                  _C1RXF4EIDH = 0x322
                    0x0322                  _C1RXF4EIDHbits = 0x322
                    0x0324                  C1RXF4EIDL = 0x324
                    0x0324                  _C1RXF4EIDL = 0x324
                    0x0324                  _C1RXF4EIDLbits = 0x324
                    0x0328                  C1RXF5SID = 0x328
                    0x0328                  _C1RXF5SID = 0x328
                    0x0328                  _C1RXF5SIDbits = 0x328
                    0x032a                  C1RXF5EIDH = 0x32a
                    0x032a                  _C1RXF5EIDH = 0x32a
                    0x032a                  _C1RXF5EIDHbits = 0x32a
                    0x032c                  C1RXF5EIDL = 0x32c
                    0x032c                  _C1RXF5EIDL = 0x32c
                    0x032c                  _C1RXF5EIDLbits = 0x32c
                    0x0330                  C1RXM0SID = 0x330
                    0x0330                  _C1RXM0SID = 0x330
                    0x0330                  _C1RXM0SIDbits = 0x330
                    0x0332                  C1RXM0EIDH = 0x332
                    0x0332                  _C1RXM0EIDH = 0x332
                    0x0332                  _C1RXM0EIDHbits = 0x332
                    0x0334                  C1RXM0EIDL = 0x334
                    0x0334                  _C1RXM0EIDL = 0x334
                    0x0334                  _C1RXM0EIDLbits = 0x334
                    0x0338                  C1RXM1SID = 0x338
                    0x0338                  _C1RXM1SID = 0x338
                    0x0338                  _C1RXM1SIDbits = 0x338
                    0x033a                  C1RXM1EIDH = 0x33a
                    0x033a                  _C1RXM1EIDH = 0x33a
                    0x033a                  _C1RXM1EIDHbits = 0x33a
                    0x033c                  C1RXM1EIDL = 0x33c
                    0x033c                  _C1RXM1EIDL = 0x33c
                    0x033c                  _C1RXM1EIDLbits = 0x33c
                    0x0340                  C1TX2SID = 0x340
                    0x0340                  _C1TX2SID = 0x340
                    0x0340                  _C1TX2SIDbits = 0x340
                    0x0342                  C1TX2EID = 0x342
                    0x0342                  _C1TX2EID = 0x342
                    0x0342                  _C1TX2EIDbits = 0x342
                    0x0344                  C1TX2DLC = 0x344
                    0x0344                  _C1TX2DLC = 0x344
                    0x0344                  _C1TX2DLCbits = 0x344
                    0x0346                  C1TX2B1 = 0x346
                    0x0346                  _C1TX2B1 = 0x346
                    0x0346                  _C1TX2B1bits = 0x346
                    0x0348                  C1TX2B2 = 0x348
                    0x0348                  _C1TX2B2 = 0x348
                    0x0348                  _C1TX2B2bits = 0x348
                    0x034a                  C1TX2B3 = 0x34a
                    0x034a                  _C1TX2B3 = 0x34a
                    0x034a                  _C1TX2B3bits = 0x34a
                    0x034c                  C1TX2B4 = 0x34c
                    0x034c                  _C1TX2B4 = 0x34c
                    0x034c                  _C1TX2B4bits = 0x34c
                    0x034e                  C1TX2CON = 0x34e
                    0x034e                  _C1TX2CON = 0x34e
                    0x034e                  _C1TX2CONbits = 0x34e
                    0x0350                  C1TX1SID = 0x350
                    0x0350                  _C1TX1SID = 0x350
                    0x0350                  _C1TX1SIDbits = 0x350
                    0x0352                  C1TX1EID = 0x352
                    0x0352                  _C1TX1EID = 0x352
                    0x0352                  _C1TX1EIDbits = 0x352
                    0x0354                  C1TX1DLC = 0x354
                    0x0354                  _C1TX1DLC = 0x354
                    0x0354                  _C1TX1DLCbits = 0x354
                    0x0356                  C1TX1B1 = 0x356
                    0x0356                  _C1TX1B1 = 0x356
                    0x0356                  _C1TX1B1bits = 0x356
                    0x0358                  C1TX1B2 = 0x358
                    0x0358                  _C1TX1B2 = 0x358
                    0x0358                  _C1TX1B2bits = 0x358
                    0x035a                  C1TX1B3 = 0x35a
                    0x035a                  _C1TX1B3 = 0x35a
                    0x035a                  _C1TX1B3bits = 0x35a
                    0x035c                  C1TX1B4 = 0x35c
                    0x035c                  _C1TX1B4 = 0x35c
                    0x035c                  _C1TX1B4bits = 0x35c
                    0x035e                  C1TX1CON = 0x35e
                    0x035e                  _C1TX1CON = 0x35e
                    0x035e                  _C1TX1CONbits = 0x35e
                    0x0360                  C1TX0SID = 0x360
                    0x0360                  _C1TX0SID = 0x360
                    0x0360                  _C1TX0SIDbits = 0x360
                    0x0362                  C1TX0EID = 0x362
                    0x0362                  _C1TX0EID = 0x362
                    0x0362                  _C1TX0EIDbits = 0x362
                    0x0364                  C1TX0DLC = 0x364
                    0x0364                  _C1TX0DLC = 0x364
                    0x0364                  _C1TX0DLCbits = 0x364
                    0x0366                  C1TX0B1 = 0x366
                    0x0366                  _C1TX0B1 = 0x366
                    0x0366                  _C1TX0B1bits = 0x366
                    0x0368                  C1TX0B2 = 0x368
                    0x0368                  _C1TX0B2 = 0x368
                    0x0368                  _C1TX0B2bits = 0x368
                    0x036a                  C1TX0B3 = 0x36a
                    0x036a                  _C1TX0B3 = 0x36a
                    0x036a                  _C1TX0B3bits = 0x36a
                    0x036c                  C1TX0B4 = 0x36c
                    0x036c                  _C1TX0B4 = 0x36c
                    0x036c                  _C1TX0B4bits = 0x36c
                    0x036e                  C1TX0CON = 0x36e
                    0x036e                  _C1TX0CON = 0x36e
                    0x036e                  _C1TX0CONbits = 0x36e
                    0x0370                  C1RX1SID = 0x370
                    0x0370                  _C1RX1SID = 0x370
                    0x0370                  _C1RX1SIDbits = 0x370
                    0x0372                  C1RX1EID = 0x372
                    0x0372                  _C1RX1EID = 0x372
                    0x0372                  _C1RX1EIDbits = 0x372
                    0x0374                  C1RX1DLC = 0x374
                    0x0374                  _C1RX1DLC = 0x374
                    0x0374                  _C1RX1DLCbits = 0x374
                    0x0376                  C1RX1B1 = 0x376
                    0x0376                  _C1RX1B1 = 0x376
                    0x0376                  _C1RX1B1bits = 0x376
                    0x0378                  C1RX1B2 = 0x378
                    0x0378                  _C1RX1B2 = 0x378
                    0x0378                  _C1RX1B2bits = 0x378
                    0x037a                  C1RX1B3 = 0x37a
                    0x037a                  _C1RX1B3 = 0x37a
                    0x037a                  _C1RX1B3bits = 0x37a
                    0x037c                  C1RX1B4 = 0x37c
                    0x037c                  _C1RX1B4 = 0x37c
                    0x037c                  _C1RX1B4bits = 0x37c
                    0x037e                  C1RX1CON = 0x37e
                    0x037e                  _C1RX1CON = 0x37e
                    0x037e                  _C1RX1CONbits = 0x37e
                    0x0380                  C1RX0SID = 0x380
                    0x0380                  _C1RX0SID = 0x380
                    0x0380                  _C1RX0SIDbits = 0x380
                    0x0382                  C1RX0EID = 0x382
                    0x0382                  _C1RX0EID = 0x382
                    0x0382                  _C1RX0EIDbits = 0x382
                    0x0384                  C1RX0DLC = 0x384
                    0x0384                  _C1RX0DLC = 0x384
                    0x0384                  _C1RX0DLCbits = 0x384
                    0x0386                  C1RX0B1 = 0x386
                    0x0386                  _C1RX0B1 = 0x386
                    0x0386                  _C1RX0B1bits = 0x386
                    0x0388                  C1RX0B2 = 0x388
                    0x0388                  _C1RX0B2 = 0x388
                    0x0388                  _C1RX0B2bits = 0x388
                    0x038a                  C1RX0B3 = 0x38a
                    0x038a                  _C1RX0B3 = 0x38a
                    0x038a                  _C1RX0B3bits = 0x38a
                    0x038c                  C1RX0B4 = 0x38c
                    0x038c                  _C1RX0B4 = 0x38c
                    0x038c                  _C1RX0B4bits = 0x38c
                    0x038e                  C1RX0CON = 0x38e
                    0x038e                  _C1RX0CON = 0x38e
                    0x038e                  _C1RX0CONbits = 0x38e
                    0x0390                  C1CTRL = 0x390
                    0x0390                  _C1CTRL = 0x390
                    0x0390                  _C1CTRLbits = 0x390
                    0x0392                  C1CFG1 = 0x392
                    0x0392                  _C1CFG1 = 0x392
                    0x0392                  _C1CFG1bits = 0x392
                    0x0394                  C1CFG2 = 0x394
                    0x0394                  _C1CFG2 = 0x394
                    0x0394                  _C1CFG2bits = 0x394
                    0x0396                  C1INTF = 0x396
                    0x0396                  _C1INTF = 0x396
                    0x0396                  _C1INTFbits = 0x396
                    0x0398                  C1INTE = 0x398
                    0x0398                  _C1INTE = 0x398
                    0x0398                  _C1INTEbits = 0x398
                    0x039a                  C1EC = 0x39a
                    0x039a                  _C1EC = 0x39a
                    0x039a                  _C1ECbits = 0x39a
                    0x039a                  C1RERRCNT = 0x39a
                    0x039a                  _C1RERRCNT = 0x39a
                    0x039b                  C1TERRCNT = 0x39b
                    0x039b                  _C1TERRCNT = 0x39b
                    0x0740                  RCON = 0x740
                    0x0740                  _RCON = 0x740
                    0x0740                  _RCONbits = 0x740
                    0x0742                  OSCCON = 0x742
                    0x0742                  _OSCCON = 0x742
                    0x0742                  _OSCCONbits = 0x742
                    0x0742                  OSCCONL = 0x742
                    0x0742                  _OSCCONL = 0x742
                    0x0743                  OSCCONH = 0x743
                    0x0743                  _OSCCONH = 0x743
                    0x0760                  NVMCON = 0x760
                    0x0760                  _NVMCON = 0x760
                    0x0760                  _NVMCONbits = 0x760
                    0x0762                  NVMADR = 0x762
                    0x0762                  _NVMADR = 0x762
                    0x0764                  NVMADRU = 0x764
                    0x0764                  _NVMADRU = 0x764
                    0x0764                  _NVMADRUbits = 0x764
                    0x0766                  NVMKEY = 0x766
                    0x0766                  _NVMKEY = 0x766
                    0x0770                  PMD1 = 0x770
                    0x0770                  _PMD1 = 0x770
                    0x0770                  _PMD1bits = 0x770
                    0x0772                  PMD2 = 0x772
                    0x0772                  _PMD2 = 0x772
                    0x0772                  _PMD2bits = 0x772
                    0x0022                  ACCA = 0x22
                    0x0022                  _ACCA = 0x22
                    0x0028                  ACCB = 0x28
                    0x0028                  _ACCB = 0x28
                    0x0300                  CAN1 = 0x300
                    0x0300                  _CAN1 = 0x300
                    0x0140                  IC1 = 0x140
                    0x0140                  _IC1 = 0x140
                    0x0144                  IC2 = 0x144
                    0x0144                  _IC2 = 0x144
                    0x0158                  IC7 = 0x158
                    0x0158                  _IC7 = 0x158
                    0x015c                  IC8 = 0x15c
                    0x015c                  _IC8 = 0x15c
                    0x0180                  OC1 = 0x180
                    0x0180                  _OC1 = 0x180
                    0x0186                  OC2 = 0x186
                    0x0186                  _OC2 = 0x186
                    0x0220                  SPI1 = 0x220
                    0x0220                  _SPI1 = 0x220
                    0x020c                  UART1 = 0x20c
                    0x020c                  _UART1 = 0x20c
START GROUP
LOAD c:/program files (x86)/microchip/xc16/v1.22/bin/bin/../../lib\libfx-elf.a
LOAD c:/program files (x86)/microchip/xc16/v1.22/bin/bin/../../lib\libpic30-elf.a
LOAD c:/program files (x86)/microchip/xc16/v1.22/bin/bin/../../lib\libm-elf.a
LOAD c:/program files (x86)/microchip/xc16/v1.22/bin/bin/../../lib\libc-elf.a
END GROUP
OUTPUT(dist/default/production/PIC_02.X.production.elf elf32-pic30)
LOAD default_isr
LOAD data_init

.debug_pubtypes
                  0x0000f0        0x3ce
 .debug_pubtypes
                  0x0000f0         0xd0 build/default/production/_ext/1472/qei.o
 .debug_pubtypes
                  0x0001c0         0x4c build/default/production/main.o
 .debug_pubtypes
                  0x00020c         0xc8 build/default/production/io.o
 .debug_pubtypes
                  0x0002d4         0x2f build/default/production/timer1.o
 .debug_pubtypes
                  0x000303         0x12 build/default/production/uart.o
 .debug_pubtypes
                  0x000315         0x88 build/default/production/_ext/1472/timer1_setup.o
 .debug_pubtypes
                  0x00039d         0x54 build/default/production/_ext/1472/pwm_setup.o
 .debug_pubtypes
                  0x0003f1         0x12 build/default/production/_ext/1472/velocity_control.o
 .debug_pubtypes
                  0x000403         0xa9 build/default/production/_ext/1472/uart1_setup.o
 .debug_pubtypes
                  0x0004ac         0x12 build/default/production/_ext/1472/uart_functions.o

__c30_signature
                  0x0004be        0x114
 __c30_signature
                  0x0004be          0x6 build/default/production/_ext/1472/qei.o
 __c30_signature
                  0x0004c4          0x6 build/default/production/main.o
 __c30_signature
                  0x0004ca          0x6 build/default/production/io.o
 __c30_signature
                  0x0004d0          0x6 build/default/production/timer1.o
 __c30_signature
                  0x0004d6          0x6 build/default/production/uart.o
 __c30_signature
                  0x0004dc          0x6 build/default/production/_ext/1472/timer1_setup.o
 __c30_signature
                  0x0004e2          0x6 build/default/production/_ext/1472/pwm_setup.o
 __c30_signature
                  0x0004e8          0x6 build/default/production/_ext/1472/velocity_control.o
 __c30_signature
                  0x0004ee          0x6 build/default/production/_ext/1472/uart1_setup.o
 __c30_signature
                  0x0004f4          0x6 build/default/production/_ext/1472/uart_functions.o
 __c30_signature
                  0x0004fa          0x6 c:/program files (x86)/microchip/xc16/v1.22/bin/bin/../../lib\libpic30-elf.a(crt0_standard.o)
 __c30_signature
                  0x000500          0x6 c:/program files (x86)/microchip/xc16/v1.22/bin/bin/../../lib\libpic30-elf.a(data_init_standard.o)
 __c30_signature
                  0x000506          0x6 c:/program files (x86)/microchip/xc16/v1.22/bin/bin/../../lib\libm-elf.a(addsf3.eo)
 __c30_signature
                  0x00050c          0x6 c:/program files (x86)/microchip/xc16/v1.22/bin/bin/../../lib\libm-elf.a(feqltle.eo)
 __c30_signature
                  0x000512          0x6 c:/program files (x86)/microchip/xc16/v1.22/bin/bin/../../lib\libm-elf.a(fgtge.eo)
 __c30_signature
                  0x000518          0x6 c:/program files (x86)/microchip/xc16/v1.22/bin/bin/../../lib\libm-elf.a(fixsfsi.eo)
 __c30_signature
                  0x00051e          0x6 c:/program files (x86)/microchip/xc16/v1.22/bin/bin/../../lib\libm-elf.a(floatsisf.eo)
 __c30_signature
                  0x000524          0x6 c:/program files (x86)/microchip/xc16/v1.22/bin/bin/../../lib\libm-elf.a(fpack.eo)
 __c30_signature
                  0x00052a          0x6 c:/program files (x86)/microchip/xc16/v1.22/bin/bin/../../lib\libm-elf.a(funpack.eo)
 __c30_signature
                  0x000530          0x6 c:/program files (x86)/microchip/xc16/v1.22/bin/bin/../../lib\libm-elf.a(funpack2.eo)
 __c30_signature
                  0x000536          0x6 c:/program files (x86)/microchip/xc16/v1.22/bin/bin/../../lib\libm-elf.a(futil.eo)
 __c30_signature
                  0x00053c          0x6 c:/program files (x86)/microchip/xc16/v1.22/bin/bin/../../lib\libm-elf.a(mulsf3.eo)
 __c30_signature
                  0x000542          0x6 c:/program files (x86)/microchip/xc16/v1.22/bin/bin/../../lib\libm-elf.a(udivsi3.eo)
 __c30_signature
                  0x000548          0x6 c:/program files (x86)/microchip/xc16/v1.22/bin/bin/../../lib\libm-elf.a(fcompare.eo)
 __c30_signature
                  0x00054e          0x6 c:/program files (x86)/microchip/xc16/v1.22/bin/bin/../../lib\libm-elf.a(floatdisf.eo)
 __c30_signature
                  0x000554          0x6 c:/program files (x86)/microchip/xc16/v1.22/bin/bin/../../lib\libm-elf.a(floatundisf.eo)
 __c30_signature
                  0x00055a          0x6 c:/program files (x86)/microchip/xc16/v1.22/bin/bin/../../lib\libc-elf.a(sprintf_cdnopuxX.XXeo)
 __c30_signature
                  0x000560          0x6 c:/program files (x86)/microchip/xc16/v1.22/bin/bin/../../lib\libc-elf.a(sscanf_cdnopuxX.XXeo)
 __c30_signature
                  0x000566          0x6 c:/program files (x86)/microchip/xc16/v1.22/bin/bin/../../lib\libc-elf.a(doscan_cdnopuxX.XXeo)
 __c30_signature
                  0x00056c          0x6 c:/program files (x86)/microchip/xc16/v1.22/bin/bin/../../lib\libc-elf.a(doprnt_cdnopuxX.XXeo)
 __c30_signature
                  0x000572          0x6 c:/program files (x86)/microchip/xc16/v1.22/bin/bin/../../lib\libc-elf.a(atoi.eo)
 __c30_signature
                  0x000578          0x6 c:/program files (x86)/microchip/xc16/v1.22/bin/bin/../../lib\libc-elf.a(fgetc.eo)
 __c30_signature
                  0x00057e          0x6 c:/program files (x86)/microchip/xc16/v1.22/bin/bin/../../lib\libc-elf.a(filbuf.eo)
 __c30_signature
                  0x000584          0x6 c:/program files (x86)/microchip/xc16/v1.22/bin/bin/../../lib\libc-elf.a(fputc.eo)
 __c30_signature
                  0x00058a          0x6 c:/program files (x86)/microchip/xc16/v1.22/bin/bin/../../lib\libc-elf.a(strlen.eo)
 __c30_signature
                  0x000590          0x6 c:/program files (x86)/microchip/xc16/v1.22/bin/bin/../../lib\libc-elf.a(ungetc.eo)
 __c30_signature
                  0x000596          0x6 c:/program files (x86)/microchip/xc16/v1.22/bin/bin/../../lib\libc-elf.a(_iob.eo)
 __c30_signature
                  0x00059c          0x6 c:/program files (x86)/microchip/xc16/v1.22/bin/bin/../../lib\libc-elf.a(fflush.eo)
 __c30_signature
                  0x0005a2          0x6 c:/program files (x86)/microchip/xc16/v1.22/bin/bin/../../lib\libc-elf.a(flsbuf.eo)
 __c30_signature
                  0x0005a8          0x6 c:/program files (x86)/microchip/xc16/v1.22/bin/bin/../../lib\libpic30-elf.a(read.eo)
 __c30_signature
                  0x0005ae          0x6 c:/program files (x86)/microchip/xc16/v1.22/bin/bin/../../lib\libpic30-elf.a(write.eo)
 __c30_signature
                  0x0005b4          0x6 c:/program files (x86)/microchip/xc16/v1.22/bin/bin/../../lib\libpic30-elf.a(c30_uart.eo)
 __c30_signature
                  0x0005ba          0x6 c:/program files (x86)/microchip/xc16/v1.22/bin/bin/../../lib\libm-elf.a(mulsi3.eo)
 __c30_signature
                  0x0005c0          0x6 c:/program files (x86)/microchip/xc16/v1.22/bin/bin/../../lib\libm-elf.a(divmoddi3.eo)
 __c30_signature
                  0x0005c6          0x6 c:/program files (x86)/microchip/xc16/v1.22/bin/bin/../../lib\libm-elf.a(muldi3.eo)
 __c30_signature
                  0x0005cc          0x6 c:/program files (x86)/microchip/xc16/v1.22/bin/bin/../../lib\libm-elf.a(umuldi3.eo)

.nbss               0x0800         0x40
 .nbss              0x0800         0x2c build/default/production/_ext/1472/uart_functions.o
 .nbss              0x082c          0xe build/default/production/_ext/1472/velocity_control.o
 .nbss              0x083a          0x6 build/default/production/io.o
                    0x083a                  _old_value_S3
                    0x083c                  _current_value_S3

.ndata              0x0840          0x2
 .ndata             0x0840          0x2 build/default/production/timer1.o

.nbss               0x0842          0x2
 .nbss              0x0842          0x2 build/default/production/uart.o

.ndata              0x0844          0x2
 .ndata             0x0844          0x2 build/default/production/_ext/1472/uart_functions.o

.data               0x0846         0xf0
 .data              0x0846         0xca c:/program files (x86)/microchip/xc16/v1.22/bin/bin/../../lib\libc-elf.a(doprnt_cdnopuxX.XXeo)
 .data              0x0910         0x26 c:/program files (x86)/microchip/xc16/v1.22/bin/bin/../../lib\libc-elf.a(_iob.eo)
                    0x0910                  __iob
                    0x0934                  __Files

.bss                0x0936          0x8
 .bss               0x0936          0x6 c:/program files (x86)/microchip/xc16/v1.22/bin/bin/../../lib\libc-elf.a(_iob.eo)
                    0x0936                  __outdone
                    0x0937                  __sibuf
                    0x0939                  __sobuf
 .bss               0x093c          0x2 c:/program files (x86)/microchip/xc16/v1.22/bin/bin/../../lib\libc-elf.a(doscan_cdnopuxX.XXeo)

.data               0x093e          0x2
 .data              0x093e          0x2 c:/program files (x86)/microchip/xc16/v1.22/bin/bin/../../lib\libpic30-elf.a(c30_uart.eo)
                    0x093e                  ___C30_UART

.const              0x965e          0xe load address 0x00165e  
 .const             0x965e          0xa build/default/production/_ext/1472/uart1_setup.o
 .const             0x9668          0x4 build/default/production/_ext/1472/uart_functions.o

.text             0x00166c        0x206
 .text            0x00166c        0x110 build/default/production/_ext/1472/velocity_control.o
                  0x00166c                  _setKp
                  0x001678                  _setKi
                  0x001684                  _setKd
                  0x001690                  _setDesiredVelocity
                  0x00169c                  _PID_controller
 .text            0x00177c         0xf6 build/default/production/io.o
                  0x00177c                  _read_buttons
                  0x0017ba                  _reset_buttons
                  0x0017c4                  _get_current_value_s3
                  0x0017ce                  _get_old_value_s3
                  0x0017d8                  _setLED
                  0x0017f2                  _resetLED
                  0x00180c                  _toggleLED
                  0x00185c                  _io_setup

.dinit            0x001872         0xec
 .dinit           0x001872         0xec data_init

.text             0x00195e        0x320
 .text            0x00195e         0xe6 build/default/production/uart.o
                  0x00195e                  _get_UART_flag_config
                  0x001968                  _uart_receive
 .text            0x001a44         0xa8 build/default/production/_ext/1472/uart_functions.o
                  0x001a44                  _getErrorCounter
                  0x001a4e                  _resetErrorCounter
                  0x001a58                  _incrementErrorCounter
                  0x001a64                  _decrementErrorCounter
                  0x001a70                  _rcvHandler
 .text            0x001aec         0x76 build/default/production/main.o
                  0x001aec                  _myDelay
                  0x001b18                  _main
 .text            0x001b62         0x56 build/default/production/timer1.o
                  0x001b62                  _setDeadZone
                  0x001b6e                  _T1interrupt_10ms
 .text            0x001bb8         0x54 build/default/production/_ext/1472/timer1_setup.o
                  0x001bb8                  _timer1_setup
                  0x001be6                  __T1Interrupt
 .text            0x001c0c         0x4a build/default/production/_ext/1472/qei.o
                  0x001c0c                  _qei_setup
                  0x001c42                  __QEIInterrupt
 .text            0x001c56         0x28 build/default/production/_ext/1472/pwm_setup.o
                  0x001c56                  _pwm_setup